Component: ARM Compiler 5.05 update 1 (build 106) Tool: armlink [4d0efa]

==============================================================================

Section Cross References

    startup_stm32f10x_cl.o(STACK) refers (Special) to heapauxi.o(.text) for __use_two_region_memory
    startup_stm32f10x_cl.o(HEAP) refers (Special) to heapauxi.o(.text) for __use_two_region_memory
    startup_stm32f10x_cl.o(RESET) refers (Special) to heapauxi.o(.text) for __use_two_region_memory
    startup_stm32f10x_cl.o(RESET) refers to startup_stm32f10x_cl.o(STACK) for __initial_sp
    startup_stm32f10x_cl.o(RESET) refers to startup_stm32f10x_cl.o(.text) for Reset_Handler
    startup_stm32f10x_cl.o(RESET) refers to stm32f10x_it.o(i.NMI_Handler) for NMI_Handler
    startup_stm32f10x_cl.o(RESET) refers to stm32f10x_it.o(i.HardFault_Handler) for HardFault_Handler
    startup_stm32f10x_cl.o(RESET) refers to stm32f10x_it.o(i.MemManage_Handler) for MemManage_Handler
    startup_stm32f10x_cl.o(RESET) refers to stm32f10x_it.o(i.BusFault_Handler) for BusFault_Handler
    startup_stm32f10x_cl.o(RESET) refers to stm32f10x_it.o(i.UsageFault_Handler) for UsageFault_Handler
    startup_stm32f10x_cl.o(RESET) refers to stm32f10x_it.o(i.SVC_Handler) for SVC_Handler
    startup_stm32f10x_cl.o(RESET) refers to stm32f10x_it.o(i.DebugMon_Handler) for DebugMon_Handler
    startup_stm32f10x_cl.o(RESET) refers to stm32f10x_it.o(i.PendSV_Handler) for PendSV_Handler
    startup_stm32f10x_cl.o(RESET) refers to stm32f10x_it.o(i.SysTick_Handler) for SysTick_Handler
    startup_stm32f10x_cl.o(RESET) refers to exti.o(i.EXTI0_IRQHandler) for EXTI0_IRQHandler
    startup_stm32f10x_cl.o(RESET) refers to exti.o(i.EXTI1_IRQHandler) for EXTI1_IRQHandler
    startup_stm32f10x_cl.o(RESET) refers to uartcom2.o(i.DMA1_Channel6_IRQHandler) for DMA1_Channel6_IRQHandler
    startup_stm32f10x_cl.o(RESET) refers to uartcom2.o(i.DMA1_Channel7_IRQHandler) for DMA1_Channel7_IRQHandler
    startup_stm32f10x_cl.o(RESET) refers to timer3.o(i.TIM3_IRQHandler) for TIM3_IRQHandler
    startup_stm32f10x_cl.o(RESET) refers to uartcom2.o(i.USART2_IRQHandler) for USART2_IRQHandler
    startup_stm32f10x_cl.o(.text) refers (Special) to heapauxi.o(.text) for __use_two_region_memory
    startup_stm32f10x_cl.o(.text) refers to system_stm32f10x.o(i.SystemInit) for SystemInit
    startup_stm32f10x_cl.o(.text) refers to __main.o(!!!main) for __main
    startup_stm32f10x_cl.o(.text) refers to startup_stm32f10x_cl.o(HEAP) for Heap_Mem
    startup_stm32f10x_cl.o(.text) refers to startup_stm32f10x_cl.o(STACK) for Stack_Mem
    stm32f10x_adc.o(i.ADC_DeInit) refers to stm32f10x_rcc.o(i.RCC_APB2PeriphResetCmd) for RCC_APB2PeriphResetCmd
    stm32f10x_bkp.o(i.BKP_DeInit) refers to stm32f10x_rcc.o(i.RCC_BackupResetCmd) for RCC_BackupResetCmd
    stm32f10x_can.o(i.CAN_DeInit) refers to stm32f10x_rcc.o(i.RCC_APB1PeriphResetCmd) for RCC_APB1PeriphResetCmd
    stm32f10x_can.o(i.CAN_GetITStatus) refers to stm32f10x_can.o(i.CheckITStatus) for CheckITStatus
    stm32f10x_cec.o(i.CEC_DeInit) refers to stm32f10x_rcc.o(i.RCC_APB1PeriphResetCmd) for RCC_APB1PeriphResetCmd
    stm32f10x_dac.o(i.DAC_DeInit) refers to stm32f10x_rcc.o(i.RCC_APB1PeriphResetCmd) for RCC_APB1PeriphResetCmd
    stm32f10x_flash.o(i.FLASH_EnableWriteProtection) refers to stm32f10x_flash.o(i.FLASH_WaitForLastOperation) for FLASH_WaitForLastOperation
    stm32f10x_flash.o(i.FLASH_EraseAllBank1Pages) refers to stm32f10x_flash.o(i.FLASH_WaitForLastBank1Operation) for FLASH_WaitForLastBank1Operation
    stm32f10x_flash.o(i.FLASH_EraseAllPages) refers to stm32f10x_flash.o(i.FLASH_WaitForLastOperation) for FLASH_WaitForLastOperation
    stm32f10x_flash.o(i.FLASH_EraseOptionBytes) refers to stm32f10x_flash.o(i.FLASH_GetReadOutProtectionStatus) for FLASH_GetReadOutProtectionStatus
    stm32f10x_flash.o(i.FLASH_EraseOptionBytes) refers to stm32f10x_flash.o(i.FLASH_WaitForLastOperation) for FLASH_WaitForLastOperation
    stm32f10x_flash.o(i.FLASH_ErasePage) refers to stm32f10x_flash.o(i.FLASH_WaitForLastOperation) for FLASH_WaitForLastOperation
    stm32f10x_flash.o(i.FLASH_ProgramHalfWord) refers to stm32f10x_flash.o(i.FLASH_WaitForLastOperation) for FLASH_WaitForLastOperation
    stm32f10x_flash.o(i.FLASH_ProgramOptionByteData) refers to stm32f10x_flash.o(i.FLASH_WaitForLastOperation) for FLASH_WaitForLastOperation
    stm32f10x_flash.o(i.FLASH_ProgramWord) refers to stm32f10x_flash.o(i.FLASH_WaitForLastOperation) for FLASH_WaitForLastOperation
    stm32f10x_flash.o(i.FLASH_ReadOutProtection) refers to stm32f10x_flash.o(i.FLASH_WaitForLastOperation) for FLASH_WaitForLastOperation
    stm32f10x_flash.o(i.FLASH_UserOptionByteConfig) refers to stm32f10x_flash.o(i.FLASH_WaitForLastOperation) for FLASH_WaitForLastOperation
    stm32f10x_flash.o(i.FLASH_WaitForLastBank1Operation) refers to stm32f10x_flash.o(i.FLASH_GetBank1Status) for FLASH_GetBank1Status
[...]
    .ARM.Collect$$rtexit$$00000004           0x08000298   Section        6  rtexit2.o(.ARM.Collect$$rtexit$$00000004)
    .emb_text                                0x080002a0   Section        0  maybetermalloc1.o(.emb_text)
    .text                                    0x080002a0   Section       64  startup_stm32f10x_cl.o(.text)
    .text                                    0x080002e0   Section        0  calloc.o(.text)
    .text                                    0x08000308   Section        0  h1_realloc.o(.text)
    .text                                    0x080003c0   Section        0  c89vsnprintf.o(.text)
    .text                                    0x080003f4   Section        0  strlen.o(.text)
    .text                                    0x08000432   Section        0  heapauxi.o(.text)
    .text                                    0x08000438   Section        8  rt_heap_descriptor_intlibspace.o(.text)
    .text                                    0x08000440   Section        0  hguard.o(.text)
    .text                                    0x08000444   Section        0  init_alloc.o(.text)
    .text                                    0x080004ce   Section        0  h1_alloc.o(.text)
    .text                                    0x0800052c   Section        0  h1_free.o(.text)
    .text                                    0x0800057a   Section        0  _printf_pad.o(.text)
    .text                                    0x080005c8   Section        0  _printf_truncate.o(.text)
    .text                                    0x080005ec   Section        0  _printf_str.o(.text)
    .text                                    0x08000640   Section        0  _printf_dec.o(.text)
    .text                                    0x080006b8   Section        0  _printf_charcount.o(.text)
    .text                                    0x080006e0   Section        0  _printf_char_common.o(.text)
    _printf_input_char                       0x080006e1   Thumb Code    10  _printf_char_common.o(.text)
    .text                                    0x08000710   Section        0  _sputc.o(.text)
    .text                                    0x0800071a   Section        0  _snputc.o(.text)
    .text                                    0x0800072c   Section        0  _printf_wctomb.o(.text)
    .text                                    0x080007e8   Section        0  _printf_longlong_dec.o(.text)
    .text                                    0x08000864   Section        0  _printf_oct_int_ll.o(.text)
    _printf_longlong_oct_internal            0x08000865   Thumb Code     0  _printf_oct_int_ll.o(.text)
    .text                                    0x080008d4   Section        0  _printf_hex_int_ll_ptr.o(.text)
    _printf_hex_common                       0x080008d5   Thumb Code     0  _printf_hex_int_ll_ptr.o(.text)
    .text                                    0x08000968   Section        0  __printf_flags_ss_wp.o(.text)
    .text                                    0x08000af0   Section      100  rt_memcpy_w.o(.text)
    .text                                    0x08000b54   Section       68  rt_memclr.o(.text)
    .text                                    0x08000b98   Section        8  libspace.o(.text)
    .text                                    0x08000ba0   Section        0  h1_init.o(.text)
    .text                                    0x08000bae   Section        0  h1_extend.o(.text)
    .text                                    0x08000be2   Section      138  lludiv10.o(.text)
    .text                                    0x08000c6c   Section        0  _printf_intcommon.o(.text)
    .text                                    0x08000d1e   Section        0  _printf_fp_dec.o(.text)
    _fp_digits                               0x08000d21   Thumb Code   428  _printf_fp_dec.o(.text)
    .text                                    0x08001138   Section        0  _printf_char.o(.text)
    .text                                    0x08001164   Section        0  _printf_wchar.o(.text)
    .text                                    0x08001190   Section        0  _wcrtomb.o(.text)
    .text                                    0x080011d0   Section        0  defsig_rtmem_outer.o(.text)
    .text                                    0x080011de   Section       78  rt_memclr_w.o(.text)
    .text                                    0x0800122c   Section       74  sys_stackheap_outer.o(.text)
    .text                                    0x08001278   Section       16  rt_ctype_table.o(.text)
    .text                                    0x08001288   Section        8  rt_locale_intlibspace.o(.text)
    .text                                    0x08001290   Section        0  _printf_fp_infnan.o(.text)
    .text                                    0x08001310   Section        0  bigflt0.o(.text)
    .text                                    0x080013ec   Section        0  exit.o(.text)
    .text                                    0x080013f8   Section        0  defsig_exit.o(.text)
    .text                                    0x08001404   Section        0  defsig_rtmem_inner.o(.text)
    .text                                    0x08001454   Section        0  sys_exit.o(.text)
    .text                                    0x08001460   Section        2  use_no_semi.o(.text)
    .text                                    0x08001462   Section        0  defsig_general.o(.text)
    .text                                    0x08001462   Section        0  indicate_semi.o(.text)
    .text                                    0x08001494   Section      128  strcmpv7m.o(.text)
    .text                                    0x08001514   Section        0  sys_wrch.o(.text)
    CL$$btod_d2e                             0x08001522   Section       62  btod.o(CL$$btod_d2e)
    CL$$btod_d2e_denorm_low                  0x08001560   Section       70  btod.o(CL$$btod_d2e_denorm_low)
    CL$$btod_d2e_norm_op1                    0x080015a6   Section       96  btod.o(CL$$btod_d2e_norm_op1)
    CL$$btod_div_common                      0x08001606   Section      824  btod.o(CL$$btod_div_common)
    CL$$btod_e2e                             0x0800193e   Section      198  btod.o(CL$$btod_e2e)
    CL$$btod_ediv                            0x08001a04   Section       40  btod.o(CL$$btod_ediv)
    CL$$btod_emul                            0x08001a2c   Section       40  btod.o(CL$$btod_emul)
    CL$$btod_mult_common                     0x08001a54   Section      580  btod.o(CL$$btod_mult_common)
    i.AddDataInSqlist                        0x08001c98   Section        0  sqlist.o(i.AddDataInSqlist)
    i.AnswerDataOneExti                      0x08001cc8   Section        0  wiegand.o(i.AnswerDataOneExti)
    i.AnswerDataZeroExti                     0x08001ce0   Section        0  wiegand.o(i.AnswerDataZeroExti)
    i.BusFault_Handler                       0x08001cf8   Section        0  stm32f10x_it.o(i.BusFault_Handler)
    i.CheckWiegandDataDelay                  0x08001cfc   Section        0  unpackwiegand.o(i.CheckWiegandDataDelay)
    i.DMA1_Channel6_IRQHandler               0x08001d28   Section        0  uartcom2.o(i.DMA1_Channel6_IRQHandler)
    i.DMA1_Channel7_IRQHandler               0x08001d48   Section        0  uartcom2.o(i.DMA1_Channel7_IRQHandler)
    i.DMA_ClearFlag                          0x08001d78   Section        0  stm32f10x_dma.o(i.DMA_ClearFlag)
    i.DMA_Cmd                                0x08001d94   Section        0  stm32f10x_dma.o(i.DMA_Cmd)
    i.DMA_DeInit                             0x08001dac   Section        0  stm32f10x_dma.o(i.DMA_DeInit)
    i.DMA_GetCurrDataCounter                 0x08001ef8   Section        0  stm32f10x_dma.o(i.DMA_GetCurrDataCounter)
    i.DMA_GetFlagStatus                      0x08001f00   Section        0  stm32f10x_dma.o(i.DMA_GetFlagStatus)
    i.DMA_ITConfig                           0x08001f2c   Section        0  stm32f10x_dma.o(i.DMA_ITConfig)
    i.DMA_Init                               0x08001f3e   Section        0  stm32f10x_dma.o(i.DMA_Init)
    i.DebugMon_Handler                       0x08001f7a   Section        0  stm32f10x_it.o(i.DebugMon_Handler)
    i.DisableAllLed                          0x08001f7c   Section        0  led.o(i.DisableAllLed)
    i.EXTI0_IRQHandler                       0x08001f90   Section        0  exti.o(i.EXTI0_IRQHandler)
    i.EXTI1_IRQHandler                       0x08001fa8   Section        0  exti.o(i.EXTI1_IRQHandler)
    i.EXTI_ClearITPendingBit                 0x08001fc0   Section        0  stm32f10x_exti.o(i.EXTI_ClearITPendingBit)
    i.EXTI_GetITStatus                       0x08001fcc   Section        0  stm32f10x_exti.o(i.EXTI_GetITStatus)
    i.EXTI_Init                              0x08001ff4   Section        0  stm32f10x_exti.o(i.EXTI_Init)
    i.GPIO_EXTILineConfig                    0x08002088   Section        0  stm32f10x_gpio.o(i.GPIO_EXTILineConfig)
    i.GPIO_Init                              0x080020c8   Section        0  stm32f10x_gpio.o(i.GPIO_Init)
    i.GPIO_PinRemapConfig                    0x080021e0   Section        0  stm32f10x_gpio.o(i.GPIO_PinRemapConfig)
    i.GPIO_ReadInputDataBit                  0x08002270   Section        0  stm32f10x_gpio.o(i.GPIO_ReadInputDataBit)
    i.GPIO_SetBits                           0x08002282   Section        0  stm32f10x_gpio.o(i.GPIO_SetBits)
    i.GetDataInSqlist                        0x08002286   Section        0  sqlist.o(i.GetDataInSqlist)
    i.GetTheLengthOfSqlist                   0x080022a0   Section        0  sqlist.o(i.GetTheLengthOfSqlist)
    i.HardFault_Handler                      0x080022a6   Section        0  stm32f10x_it.o(i.HardFault_Handler)
    i.InitCom2Con                            0x080022aa   Section        0  uartcom2.o(i.InitCom2Con)
    i.InitCom2Dma                            0x080022c0   Section        0  uartcom2.o(i.InitCom2Dma)
    InitCom2Dma                              0x080022c1   Thumb Code   166  uartcom2.o(i.InitCom2Dma)
    i.InitCom2Nvic                           0x08002378   Section        0  uartcom2.o(i.InitCom2Nvic)
    InitCom2Nvic                             0x08002379   Thumb Code    88  uartcom2.o(i.InitCom2Nvic)
    i.InitCom2Para                           0x080023d0   Section        0  uartcom2.o(i.InitCom2Para)
    InitCom2Para                             0x080023d1   Thumb Code    90  uartcom2.o(i.InitCom2Para)
    i.InitCom2Pin                            0x08002430   Section        0  uartcom2.o(i.InitCom2Pin)
    InitCom2Pin                              0x08002431   Thumb Code    82  uartcom2.o(i.InitCom2Pin)
    i.InitExti                               0x08002488   Section        0  exti.o(i.InitExti)
    InitExti                                 0x08002489   Thumb Code    60  exti.o(i.InitExti)
    i.InitExtiCon                            0x080024c4   Section        0  exti.o(i.InitExtiCon)
    i.InitGpio                               0x080024d4   Section        0  exti.o(i.InitGpio)
    InitGpio                                 0x080024d5   Thumb Code    28  exti.o(i.InitGpio)
    i.InitNvic                               0x080024f0   Section        0  exti.o(i.InitNvic)
    InitNvic                                 0x080024f1   Thumb Code    60  exti.o(i.InitNvic)
    i.InitSqList                             0x0800252c   Section        0  sqlist.o(i.InitSqList)
    i.InitTimer3Con                          0x0800254e   Section        0  timer3.o(i.InitTimer3Con)
    i.InitTimer3Mode                         0x0800255c   Section        0  timer3.o(i.InitTimer3Mode)
    InitTimer3Mode                           0x0800255d   Thumb Code    62  timer3.o(i.InitTimer3Mode)
    i.InitTimer3Nvic                         0x080025a0   Section        0  timer3.o(i.InitTimer3Nvic)
    InitTimer3Nvic                           0x080025a1   Thumb Code    34  timer3.o(i.InitTimer3Nvic)
    i.InitTimerCon                           0x080025c2   Section        0  totaltimer.o(i.InitTimerCon)
    i.InitUartCon                            0x080025ca   Section        0  uart.o(i.InitUartCon)
    i.InitWiegandCon                         0x080025d2   Section        0  wiegand.o(i.InitWiegandCon)
    i.InitWiegandGpio                        0x080025e0   Section        0  wiegand.o(i.InitWiegandGpio)
    InitWiegandGpio                          0x080025e1   Thumb Code    36  wiegand.o(i.InitWiegandGpio)
    i.InitWiegandProtocol                    0x08002608   Section        0  unpackwiegand.o(i.InitWiegandProtocol)
    i.LED_Init                               0x08002618   Section        0  led.o(i.LED_Init)
    i.MemManage_Handler                      0x08002648   Section        0  stm32f10x_it.o(i.MemManage_Handler)
    i.NMI_Handler                            0x0800264c   Section        0  stm32f10x_it.o(i.NMI_Handler)
    i.NVIC_Init                              0x08002650   Section        0  misc.o(i.NVIC_Init)
    i.PendSV_Handler                         0x080026c0   Section        0  stm32f10x_it.o(i.PendSV_Handler)
    i.RCC_AHBPeriphClockCmd                  0x080026c4   Section        0  stm32f10x_rcc.o(i.RCC_AHBPeriphClockCmd)
    i.RCC_APB1PeriphClockCmd                 0x080026e4   Section        0  stm32f10x_rcc.o(i.RCC_APB1PeriphClockCmd)
    i.RCC_APB2PeriphClockCmd                 0x08002704   Section        0  stm32f10x_rcc.o(i.RCC_APB2PeriphClockCmd)
    i.RCC_GetClocksFreq                      0x08002724   Section        0  stm32f10x_rcc.o(i.RCC_GetClocksFreq)
    i.ReadWiegandResult                      0x080028b4   Section        0  unpackwiegand.o(i.ReadWiegandResult)
    i.RemoveAllInSqllist                     0x080029dc   Section        0  sqlist.o(i.RemoveAllInSqllist)
    i.SVC_Handler                            0x080029e2   Section        0  stm32f10x_it.o(i.SVC_Handler)
    i.SendCom2Data                           0x080029e4   Section        0  uartcom2.o(i.SendCom2Data)
    i.SetSysClock                            0x08002ab8   Section        0  system_stm32f10x.o(i.SetSysClock)
    SetSysClock                              0x08002ab9   Thumb Code     8  system_stm32f10x.o(i.SetSysClock)
    i.SetSysClockTo72                        0x08002ac0   Section        0  system_stm32f10x.o(i.SetSysClockTo72)
    SetSysClockTo72                          0x08002ac1   Thumb Code   264  system_stm32f10x.o(i.SetSysClockTo72)
    i.SysTick_CLKSourceConfig                0x08002bd8   Section        0  misc.o(i.SysTick_CLKSourceConfig)
    i.SysTick_Handler                        0x08002c00   Section        0  stm32f10x_it.o(i.SysTick_Handler)
    i.SystemInit                             0x08002c10   Section        0  system_stm32f10x.o(i.SystemInit)
    i.TIM3_IRQHandler                        0x08002c7c   Section        0  timer3.o(i.TIM3_IRQHandler)
    i.TIM_ClearITPendingBit                  0x08002c9c   Section        0  stm32f10x_tim.o(i.TIM_ClearITPendingBit)
    i.TIM_Cmd                                0x08002ca2   Section        0  stm32f10x_tim.o(i.TIM_Cmd)
    i.TIM_GetITStatus                        0x08002cba   Section        0  stm32f10x_tim.o(i.TIM_GetITStatus)
    i.TIM_ITConfig                           0x08002cdc   Section        0  stm32f10x_tim.o(i.TIM_ITConfig)
    i.TIM_TimeBaseInit                       0x08002cf0   Section        0  stm32f10x_tim.o(i.TIM_TimeBaseInit)
    i.USART2_IRQHandler                      0x08002d94   Section        0  uartcom2.o(i.USART2_IRQHandler)
    i.USART_Cmd                              0x08002dc4   Section        0  stm32f10x_usart.o(i.USART_Cmd)
    i.USART_DMACmd                           0x08002ddc   Section        0  stm32f10x_usart.o(i.USART_DMACmd)
    i.USART_GetITStatus                      0x08002dee   Section        0  stm32f10x_usart.o(i.USART_GetITStatus)
    i.USART_ITConfig                         0x08002e42   Section        0  stm32f10x_usart.o(i.USART_ITConfig)
    i.USART_Init                             0x08002e8c   Section        0  stm32f10x_usart.o(i.USART_Init)
    i.USART_StructInit                       0x08002f64   Section        0  stm32f10x_usart.o(i.USART_StructInit)
    i.UnpackWiegandData                      0x08002f7c   Section        0  unpackwiegand.o(i.UnpackWiegandData)
    i.UsageFault_Handler                     0x08002fb4   Section        0  stm32f10x_it.o(i.UsageFault_Handler)
    i.__ARM_fpclassify                       0x08002fb8   Section        0  fpclassify.o(i.__ARM_fpclassify)
    i._is_digit                              0x08002fe0   Section        0  __printf_wp.o(i._is_digit)
    i.checkForInputBit                       0x08002fee   Section        0  wiegand.o(i.checkForInputBit)
    checkForInputBit                         0x08002fef   Thumb Code    52  wiegand.o(i.checkForInputBit)
    i.delay_init                             0x08003022   Section        0  delay.o(i.delay_init)
    i.delay_us                               0x0800302e   Section        0  delay.o(i.delay_us)
    i.main                                   0x08003074   Section        0  main.o(i.main)
    i.printf2                                0x080030d8   Section        0  uartcom2.o(i.printf2)
    locale$$code                             0x0800310c   Section       44  lc_numeric_c.o(locale$$code)
    locale$$code                             0x08003138   Section       44  lc_ctype_c.o(locale$$code)
    x$fpl$printf1                            0x08003164   Section        4  printf1.o(x$fpl$printf1)
    .constdata                               0x08003168   Section        8  _printf_wctomb.o(.constdata)
    x$fpl$usenofp                            0x08003168   Section        0  usenofp.o(x$fpl$usenofp)
    initial_mbstate                          0x08003168   Data           8  _printf_wctomb.o(.constdata)
    .constdata                               0x08003170   Section       40  _printf_hex_int_ll_ptr.o(.constdata)
    uc_hextab                                0x08003170   Data          20  _printf_hex_int_ll_ptr.o(.constdata)
    lc_hextab                                0x08003184   Data          20  _printf_hex_int_ll_ptr.o(.constdata)
    .constdata                               0x08003198   Section       17  __printf_flags_ss_wp.o(.constdata)
    maptable                                 0x08003198   Data          17  __printf_flags_ss_wp.o(.constdata)
    .constdata                               0x080031ac   Section      148  bigflt0.o(.constdata)
    tenpwrs_x                                0x080031ac   Data          60  bigflt0.o(.constdata)
    tenpwrs_i                                0x080031e8   Data          64  bigflt0.o(.constdata)
    locale$$data                             0x08003260   Section       28  lc_numeric_c.o(locale$$data)
    __lcnum_c_name                           0x08003264   Data           2  lc_numeric_c.o(locale$$data)
    __lcnum_c_start                          0x0800326c   Data           0  lc_numeric_c.o(locale$$data)
    __lcnum_c_point                          0x08003278   Data           0  lc_numeric_c.o(locale$$data)
    __lcnum_c_thousands                      0x0800327a   Data           0  lc_numeric_c.o(locale$$data)
    __lcnum_c_grouping                       0x0800327b   Data           0  lc_numeric_c.o(locale$$data)
    locale$$data                             0x0800327c   Section      272  lc_ctype_c.o(locale$$data)
    __lcnum_c_end                            0x0800327c   Data           0  lc_numeric_c.o(locale$$data)
    __lcctype_c_name                         0x08003280   Data           2  lc_ctype_c.o(locale$$data)
    __lcctype_c_start                        0x08003288   Data           0  lc_ctype_c.o(locale$$data)
    __lcctype_c_end                          0x0800338c   Data           0  lc_ctype_c.o(locale$$data)
    .data                                    0x20000000   Section       20  stm32f10x_rcc.o(.data)
    APBAHBPrescTable                         0x20000000   Data          16  stm32f10x_rcc.o(.data)
    ADCPrescTable                            0x20000010   Data           4  stm32f10x_rcc.o(.data)
    .data                                    0x20000014   Section        2  stm32f10x_it.o(.data)
    .data                                    0x20000016   Section        3  uartcom2.o(.data)
    sCom2SendFlag                            0x20000016   Data           1  uartcom2.o(.data)
    sCom2SendLen                             0x20000017   Data           1  uartcom2.o(.data)
    sCom2ReadFlag                            0x20000018   Data           1  uartcom2.o(.data)
    .data                                    0x20000019   Section        2  unpackwiegand.o(.data)
    delayTimeFlag                            0x20000019   Data           1  unpackwiegand.o(.data)
    clearFlag                                0x2000001a   Data           1  unpackwiegand.o(.data)
    .bss                                     0x2000001c   Section      150  uartcom2.o(.bss)
    sCom2TxDmaBuf                            0x2000001c   Data         100  uartcom2.o(.bss)
    sCom2RxBuf                               0x20000080   Data          50  uartcom2.o(.bss)
    .bss                                     0x200000b4   Section       12  unpackwiegand.o(.bss)
    wiegandList                              0x200000b4   Data          12  unpackwiegand.o(.bss)
    .bss                                     0x200000c0   Section       96  libspace.o(.bss)
    HEAP                                     0x20000120   Section      512  startup_stm32f10x_cl.o(HEAP)
    Heap_Mem                                 0x20000120   Data         512  startup_stm32f10x_cl.o(HEAP)
    STACK                                    0x20000320   Section     1024  startup_stm32f10x_cl.o(STACK)
    Stack_Mem                                0x20000320   Data        1024  startup_stm32f10x_cl.o(STACK)
    __initial_sp                             0x20000720   Data           0  startup_stm32f10x_cl.o(STACK)

    Global Symbols

    Symbol Name                              Value     Ov Type        Size  Object(Section)

    BuildAttributes$$THM_ISAv4$P$D$K$B$S$PE$A:L22UL41UL21$X:L11$S22US41US21$IEEE1$IW$USESV6$~STKCKD$USESV7$~SHL$OTIME$ROPI$IEEEJ$EBA8$UX$STANDARDLIB$REQ8$PRES8$EABIv2 0x00000000   Number         0  anon$$obj.o ABSOLUTE
    __ARM_use_no_argv                        0x00000000   Number         0  main.o ABSOLUTE
    _printf_flags                            0x00000000   Number         0  printf_stubs.o ABSOLUTE
    _printf_return_value                     0x00000000   Number         0  printf_stubs.o ABSOLUTE
    _printf_sizespec                         0x00000000   Number         0  printf_stubs.o ABSOLUTE
    _printf_widthprec                        0x00000000   Number         0  printf_stubs.o ABSOLUTE
    __ARM_exceptions_init                     - Undefined Weak Reference
    __alloca_initialize                       - Undefined Weak Reference
    __arm_preinit_                            - Undefined Weak Reference
    __cpp_initialize__aeabi_                  - Undefined Weak Reference
    __cxa_finalize                            - Undefined Weak Reference
    __sigvec_lookup                           - Undefined Weak Reference
    __user_heap_extent                        - Undefined Weak Reference
    _atexit_init                              - Undefined Weak Reference
    _call_atexit_fns                          - Undefined Weak Reference
    _clock_init                               - Undefined Weak Reference
    _fp_trap_init                             - Undefined Weak Reference
    _fp_trap_shutdown                         - Undefined Weak Reference
    _get_lc_collate                           - Undefined Weak Reference
    _get_lc_monetary                          - Undefined Weak Reference
    _get_lc_time                              - Undefined Weak Reference
    _getenv_init                              - Undefined Weak Reference
    _handle_redirection                       - Undefined Weak Reference
    _initio                                   - Undefined Weak Reference
    _mutex_acquire                            - Undefined Weak Reference
    _mutex_free                               - Undefined Weak Reference
    _mutex_release                            - Undefined Weak Reference
    _printf_fp_hex                            - Undefined Weak Reference
    _printf_mbtowc                            - Undefined Weak Reference
    _printf_wc                                - Undefined Weak Reference
    _rand_init                                - Undefined Weak Reference
    _signal_finish                            - Undefined Weak Reference
    _signal_init                              - Undefined Weak Reference
    _terminateio                              - Undefined Weak Reference
    __Vectors_Size                           0x00000150   Number         0  startup_stm32f10x_cl.o ABSOLUTE
    __Vectors                                0x08000000   Data           4  startup_stm32f10x_cl.o(RESET)
    __Vectors_End                            0x08000150   Data           0  startup_stm32f10x_cl.o(RESET)
    __main                                   0x08000151   Thumb Code     8  __main.o(!!!main)
    __scatterload                            0x08000159   Thumb Code     0  __scatter.o(!!!scatter)
    __scatterload_rt2                        0x08000159   Thumb Code    44  __scatter.o(!!!scatter)
    __scatterload_rt2_thumb_only             0x08000159   Thumb Code     0  __scatter.o(!!!scatter)
    __scatterload_null                       0x08000167   Thumb Code     0  __scatter.o(!!!scatter)
    __scatterload_copy                       0x0800018d   Thumb Code    26  __scatter_copy.o(!!handler_copy)
    __scatterload_zeroinit                   0x080001a9   Thumb Code    28  __scatter_zi.o(!!handler_zi)
    _printf_n                                0x080001c5   Thumb Code     0  _printf_n.o(.ARM.Collect$$_printf_percent$$00000001)
    _printf_percent                          0x080001c5   Thumb Code     0  _printf_percent.o(.ARM.Collect$$_printf_percent$$00000000)
    _printf_p                                0x080001cb   Thumb Code     0  _printf_p.o(.ARM.Collect$$_printf_percent$$00000002)
    _printf_f                                0x080001d1   Thumb Code     0  _printf_f.o(.ARM.Collect$$_printf_percent$$00000003)
    _printf_e                                0x080001d7   Thumb Code     0  _printf_e.o(.ARM.Collect$$_printf_percent$$00000004)
    _printf_g                                0x080001dd   Thumb Code     0  _printf_g.o(.ARM.Collect$$_printf_percent$$00000005)
    _printf_a                                0x080001e3   Thumb Code     0  _printf_a.o(.ARM.Collect$$_printf_percent$$00000006)
    _printf_ll                               0x080001e9   Thumb Code     0  _printf_ll.o(.ARM.Collect$$_printf_percent$$00000007)
    _printf_i                                0x080001f3   Thumb Code     0  _printf_i.o(.ARM.Collect$$_printf_percent$$00000008)
    _printf_d                                0x080001f9   Thumb Code     0  _printf_d.o(.ARM.Collect$$_printf_percent$$00000009)
    _printf_u                                0x080001ff   Thumb Code     0  _printf_u.o(.ARM.Collect$$_printf_percent$$0000000A)
    _printf_o                                0x08000205   Thumb Code     0  _printf_o.o(.ARM.Collect$$_printf_percent$$0000000B)
    _printf_x                                0x0800020b   Thumb Code     0  _printf_x.o(.ARM.Collect$$_printf_percent$$0000000C)
    _printf_lli                              0x08000211   Thumb Code     0  _printf_lli.o(.ARM.Collect$$_printf_percent$$0000000D)
    _printf_lld                              0x08000217   Thumb Code     0  _printf_lld.o(.ARM.Collect$$_printf_percent$$0000000E)
    _printf_llu                              0x0800021d   Thumb Code     0  _printf_llu.o(.ARM.Collect$$_printf_percent$$0000000F)
    _printf_llo                              0x08000223   Thumb Code     0  _printf_llo.o(.ARM.Collect$$_printf_percent$$00000010)
    _printf_llx                              0x08000229   Thumb Code     0  _printf_llx.o(.ARM.Collect$$_printf_percent$$00000011)
    _printf_l                                0x0800022f   Thumb Code     0  _printf_l.o(.ARM.Collect$$_printf_percent$$00000012)
    _printf_c                                0x08000239   Thumb Code     0  _printf_c.o(.ARM.Collect$$_printf_percent$$00000013)
    _printf_s                                0x0800023f   Thumb Code     0  _printf_s.o(.ARM.Collect$$_printf_percent$$00000014)
    _printf_lc                               0x08000245   Thumb Code     0  _printf_lc.o(.ARM.Collect$$_printf_percent$$00000015)
    _printf_ls                               0x0800024b   Thumb Code     0  _printf_ls.o(.ARM.Collect$$_printf_percent$$00000016)
    _printf_percent_end                      0x08000251   Thumb Code     0  _printf_percent_end.o(.ARM.Collect$$_printf_percent$$00000017)
    __rt_lib_init                            0x08000255   Thumb Code     0  libinit.o(.ARM.Collect$$libinit$$00000000)
    __rt_lib_init_fp_1                       0x08000257   Thumb Code     0  libinit2.o(.ARM.Collect$$libinit$$00000002)
    __rt_lib_init_heap_2                     0x08000257   Thumb Code     0  libinit2.o(.ARM.Collect$$libinit$$00000005)
    __rt_lib_init_preinit_1                  0x08000257   Thumb Code     0  libinit2.o(.ARM.Collect$$libinit$$00000004)
    __rt_lib_init_heap_1                     0x0800025f   Thumb Code     0  libinit2.o(.ARM.Collect$$libinit$$0000000A)
    __rt_lib_init_lc_common                  0x0800025f   Thumb Code     0  libinit2.o(.ARM.Collect$$libinit$$0000000F)
    __rt_lib_init_rand_1                     0x0800025f   Thumb Code     0  libinit2.o(.ARM.Collect$$libinit$$0000000E)
    __rt_lib_init_user_alloc_1               0x0800025f   Thumb Code     0  libinit2.o(.ARM.Collect$$libinit$$0000000C)
    __rt_lib_init_lc_collate_1               0x08000265   Thumb Code     0  libinit2.o(.ARM.Collect$$libinit$$00000011)
    __rt_lib_init_lc_ctype_2                 0x08000265   Thumb Code     0  libinit2.o(.ARM.Collect$$libinit$$00000012)
    __rt_lib_init_lc_ctype_1                 0x08000271   Thumb Code     0  libinit2.o(.ARM.Collect$$libinit$$00000013)
    __rt_lib_init_lc_monetary_1              0x08000271   Thumb Code     0  libinit2.o(.ARM.Collect$$libinit$$00000015)
    __rt_lib_init_lc_numeric_2               0x08000271   Thumb Code     0  libinit2.o(.ARM.Collect$$libinit$$00000016)
    __rt_lib_init_alloca_1                   0x0800027b   Thumb Code     0  libinit2.o(.ARM.Collect$$libinit$$0000002E)
    __rt_lib_init_argv_1                     0x0800027b   Thumb Code     0  libinit2.o(.ARM.Collect$$libinit$$0000002C)
    __rt_lib_init_atexit_1                   0x0800027b   Thumb Code     0  libinit2.o(.ARM.Collect$$libinit$$0000001B)
    __rt_lib_init_clock_1                    0x0800027b   Thumb Code     0  libinit2.o(.ARM.Collect$$libinit$$00000021)
    __rt_lib_init_cpp_1                      0x0800027b   Thumb Code     0  libinit2.o(.ARM.Collect$$libinit$$00000032)
    __rt_lib_init_exceptions_1               0x0800027b   Thumb Code     0  libinit2.o(.ARM.Collect$$libinit$$00000030)
    __rt_lib_init_fp_trap_1                  0x0800027b   Thumb Code     0  libinit2.o(.ARM.Collect$$libinit$$0000001F)
    __rt_lib_init_getenv_1                   0x0800027b   Thumb Code     0  libinit2.o(.ARM.Collect$$libinit$$00000023)
    __rt_lib_init_lc_numeric_1               0x0800027b   Thumb Code     0  libinit2.o(.ARM.Collect$$libinit$$00000017)
    __rt_lib_init_lc_time_1                  0x0800027b   Thumb Code     0  libinit2.o(.ARM.Collect$$libinit$$00000019)
    __rt_lib_init_return                     0x0800027b   Thumb Code     0  libinit2.o(.ARM.Collect$$libinit$$00000033)
    __rt_lib_init_signal_1                   0x0800027b   Thumb Code     0  libinit2.o(.ARM.Collect$$libinit$$0000001D)
    __rt_lib_init_stdio_1                    0x0800027b   Thumb Code     0  libinit2.o(.ARM.Collect$$libinit$$00000025)
    __rt_lib_shutdown                        0x0800027d   Thumb Code     0  libshutdown.o(.ARM.Collect$$libshutdown$$00000000)
    __rt_lib_shutdown_fp_trap_1              0x0800027f   Thumb Code     0  libshutdown2.o(.ARM.Collect$$libshutdown$$00000006)
    __rt_lib_shutdown_heap_1                 0x0800027f   Thumb Code     0  libshutdown2.o(.ARM.Collect$$libshutdown$$0000000E)
    __rt_lib_shutdown_return                 0x0800027f   Thumb Code     0  libshutdown2.o(.ARM.Collect$$libshutdown$$0000000F)
    __rt_lib_shutdown_signal_1               0x0800027f   Thumb Code     0  libshutdown2.o(.ARM.Collect$$libshutdown$$00000009)
    __rt_lib_shutdown_stdio_1                0x0800027f   Thumb Code     0  libshutdown2.o(.ARM.Collect$$libshutdown$$00000003)
    __rt_lib_shutdown_user_alloc_1           0x0800027f   Thumb Code     0  libshutdown2.o(.ARM.Collect$$libshutdown$$0000000B)
    __rt_entry                               0x08000281   Thumb Code     0  __rtentry.o(.ARM.Collect$$rtentry$$00000000)
    __rt_entry_presh_1                       0x08000281   Thumb Code     0  __rtentry2.o(.ARM.Collect$$rtentry$$00000002)
    __rt_entry_sh                            0x08000281   Thumb Code     0  __rtentry4.o(.ARM.Collect$$rtentry$$00000004)
    __rt_entry_li                            0x08000287   Thumb Code     0  __rtentry2.o(.ARM.Collect$$rtentry$$0000000A)
    __rt_entry_postsh_1                      0x08000287   Thumb Code     0  __rtentry2.o(.ARM.Collect$$rtentry$$00000009)
    __rt_entry_main                          0x0800028b   Thumb Code     0  __rtentry2.o(.ARM.Collect$$rtentry$$0000000D)
    __rt_entry_postli_1                      0x0800028b   Thumb Code     0  __rtentry2.o(.ARM.Collect$$rtentry$$0000000C)
    __rt_exit                                0x08000293   Thumb Code     0  rtexit.o(.ARM.Collect$$rtexit$$00000000)
    __rt_exit_ls                             0x08000295   Thumb Code     0  rtexit2.o(.ARM.Collect$$rtexit$$00000003)
    __rt_exit_prels_1                        0x08000295   Thumb Code     0  rtexit2.o(.ARM.Collect$$rtexit$$00000002)
    __rt_exit_exit                           0x08000299   Thumb Code     0  rtexit2.o(.ARM.Collect$$rtexit$$00000004)
    Reset_Handler                            0x080002a1   Thumb Code     8  startup_stm32f10x_cl.o(.text)
    _maybe_terminate_alloc                   0x080002a1   Thumb Code     0  maybetermalloc1.o(.emb_text)
    ADC1_2_IRQHandler                        0x080002bb   Thumb Code     0  startup_stm32f10x_cl.o(.text)
    CAN1_RX0_IRQHandler                      0x080002bb   Thumb Code     0  startup_stm32f10x_cl.o(.text)
    CAN1_RX1_IRQHandler                      0x080002bb   Thumb Code     0  startup_stm32f10x_cl.o(.text)
    CAN1_SCE_IRQHandler                      0x080002bb   Thumb Code     0  startup_stm32f10x_cl.o(.text)
    CAN1_TX_IRQHandler                       0x080002bb   Thumb Code     0  startup_stm32f10x_cl.o(.text)
    CAN2_RX0_IRQHandler                      0x080002bb   Thumb Code     0  startup_stm32f10x_cl.o(.text)
    CAN2_RX1_IRQHandler                      0x080002bb   Thumb Code     0  startup_stm32f10x_cl.o(.text)
    CAN2_SCE_IRQHandler                      0x080002bb   Thumb Code     0  startup_stm32f10x_cl.o(.text)
    CAN2_TX_IRQHandler                       0x080002bb   Thumb Code     0  startup_stm32f10x_cl.o(.text)
    DMA1_Channel1_IRQHandler                 0x080002bb   Thumb Code     0  startup_stm32f10x_cl.o(.text)
    DMA1_Channel2_IRQHandler                 0x080002bb   Thumb Code     0  startup_stm32f10x_cl.o(.text)
    DMA1_Channel3_IRQHandler                 0x080002bb   Thumb Code     0  startup_stm32f10x_cl.o(.text)
    DMA1_Channel4_IRQHandler                 0x080002bb   Thumb Code     0  startup_stm32f10x_cl.o(.text)
    DMA1_Channel5_IRQHandler                 0x080002bb   Thumb Code     0  startup_stm32f10x_cl.o(.text)
    DMA2_Channel1_IRQHandler                 0x080002bb   Thumb Code     0  startup_stm32f10x_cl.o(.text)
    DMA2_Channel2_IRQHandler                 0x080002bb   Thumb Code     0  startup_stm32f10x_cl.o(.text)
    DMA2_Channel3_IRQHandler                 0x080002bb   Thumb Code     0  startup_stm32f10x_cl.o(.text)
    DMA2_Channel4_IRQHandler                 0x080002bb   Thumb Code     0  startup_stm32f10x_cl.o(.text)
    DMA2_Channel5_IRQHandler                 0x080002bb   Thumb Code     0  startup_stm32f10x_cl.o(.text)
    ETH_IRQHandler                           0x080002bb   Thumb Code     0  startup_stm32f10x_cl.o(.text)
    ETH_WKUP_IRQHandler                      0x080002bb   Thumb Code     0  startup_stm32f10x_cl.o(.text)
    EXTI15_10_IRQHandler                     0x080002bb   Thumb Code     0  startup_stm32f10x_cl.o(.text)
    EXTI2_IRQHandler                         0x080002bb   Thumb Code     0  startup_stm32f10x_cl.o(.text)
    EXTI3_IRQHandler                         0x080002bb   Thumb Code     0  startup_stm32f10x_cl.o(.text)
    EXTI4_IRQHandler                         0x080002bb   Thumb Code     0  startup_stm32f10x_cl.o(.text)
    EXTI9_5_IRQHandler                       0x080002bb   Thumb Code     0  startup_stm32f10x_cl.o(.text)
    FLASH_IRQHandler                         0x080002bb   Thumb Code     0  startup_stm32f10x_cl.o(.text)
    I2C1_ER_IRQHandler                       0x080002bb   Thumb Code     0  startup_stm32f10x_cl.o(.text)
    I2C1_EV_IRQHandler                       0x080002bb   Thumb Code     0  startup_stm32f10x_cl.o(.text)
    I2C2_ER_IRQHandler                       0x080002bb   Thumb Code     0  startup_stm32f10x_cl.o(.text)
    I2C2_EV_IRQHandler                       0x080002bb   Thumb Code     0  startup_stm32f10x_cl.o(.text)
    OTG_FS_IRQHandler                        0x080002bb   Thumb Code     0  startup_stm32f10x_cl.o(.text)
    OTG_FS_WKUP_IRQHandler                   0x080002bb   Thumb Code     0  startup_stm32f10x_cl.o(.text)
    PVD_IRQHandler                           0x080002bb   Thumb Code     0  startup_stm32f10x_cl.o(.text)
    RCC_IRQHandler                           0x080002bb   Thumb Code     0  startup_stm32f10x_cl.o(.text)
    RTCAlarm_IRQHandler                      0x080002bb   Thumb Code     0  startup_stm32f10x_cl.o(.text)
    RTC_IRQHandler                           0x080002bb   Thumb Code     0  startup_stm32f10x_cl.o(.text)
    SPI1_IRQHandler                          0x080002bb   Thumb Code     0  startup_stm32f10x_cl.o(.text)
    SPI2_IRQHandler                          0x080002bb   Thumb Code     0  startup_stm32f10x_cl.o(.text)
    SPI3_IRQHandler                          0x080002bb   Thumb Code     0  startup_stm32f10x_cl.o(.text)
    TAMPER_IRQHandler                        0x080002bb   Thumb Code     0  startup_stm32f10x_cl.o(.text)
    TIM1_BRK_IRQHandler                      0x080002bb   Thumb Code     0  startup_stm32f10x_cl.o(.text)
    TIM1_CC_IRQHandler                       0x080002bb   Thumb Code     0  startup_stm32f10x_cl.o(.text)
    TIM1_TRG_COM_IRQHandler                  0x080002bb   Thumb Code     0  startup_stm32f10x_cl.o(.text)
    TIM1_UP_IRQHandler                       0x080002bb   Thumb Code     0  startup_stm32f10x_cl.o(.text)
    TIM2_IRQHandler                          0x080002bb   Thumb Code     0  startup_stm32f10x_cl.o(.text)
    TIM4_IRQHandler                          0x080002bb   Thumb Code     0  startup_stm32f10x_cl.o(.text)
    TIM5_IRQHandler                          0x080002bb   Thumb Code     0  startup_stm32f10x_cl.o(.text)
    TIM6_IRQHandler                          0x080002bb   Thumb Code     0  startup_stm32f10x_cl.o(.text)
    TIM7_IRQHandler                          0x080002bb   Thumb Code     0  startup_stm32f10x_cl.o(.text)
    UART4_IRQHandler                         0x080002bb   Thumb Code     0  startup_stm32f10x_cl.o(.text)
    UART5_IRQHandler                         0x080002bb   Thumb Code     0  startup_stm32f10x_cl.o(.text)
    USART1_IRQHandler                        0x080002bb   Thumb Code     0  startup_stm32f10x_cl.o(.text)
    USART3_IRQHandler                        0x080002bb   Thumb Code     0  startup_stm32f10x_cl.o(.text)
    WWDG_IRQHandler                          0x080002bb   Thumb Code     0  startup_stm32f10x_cl.o(.text)
    __user_initial_stackheap                 0x080002bd   Thumb Code     0  startup_stm32f10x_cl.o(.text)
    calloc                                   0x080002e1   Thumb Code    40  calloc.o(.text)
    realloc                                  0x08000309   Thumb Code   184  h1_realloc.o(.text)
    __c89vsnprintf                           0x080003c1   Thumb Code    48  c89vsnprintf.o(.text)
    strlen                                   0x080003f5   Thumb Code    62  strlen.o(.text)
    __use_two_region_memory                  0x08000433   Thumb Code     2  heapauxi.o(.text)
    __rt_heap_escrow                         0x08000435   Thumb Code     2  heapauxi.o(.text)
    __rt_heap_expand                         0x08000437   Thumb Code     2  heapauxi.o(.text)
    __rt_heap_descriptor                     0x08000439   Thumb Code     8  rt_heap_descriptor_intlibspace.o(.text)
    __use_no_heap                            0x08000441   Thumb Code     2  hguard.o(.text)
    __heap$guard                             0x08000443   Thumb Code     2  hguard.o(.text)
    _terminate_user_alloc                    0x08000445   Thumb Code     2  init_alloc.o(.text)
    _init_user_alloc                         0x08000447   Thumb Code     2  init_alloc.o(.text)
    __Heap_Full                              0x08000449   Thumb Code    34  init_alloc.o(.text)
    __Heap_Broken                            0x0800046b   Thumb Code     6  init_alloc.o(.text)
    _init_alloc                              0x08000471   Thumb Code    94  init_alloc.o(.text)
    malloc                                   0x080004cf   Thumb Code    94  h1_alloc.o(.text)
    free                                     0x0800052d   Thumb Code    78  h1_free.o(.text)
    _printf_pre_padding                      0x0800057b   Thumb Code    44  _printf_pad.o(.text)
    _printf_post_padding                     0x080005a7   Thumb Code    34  _printf_pad.o(.text)
    _printf_truncate_signed                  0x080005c9   Thumb Code    18  _printf_truncate.o(.text)
    _printf_truncate_unsigned                0x080005db   Thumb Code    18  _printf_truncate.o(.text)
    _printf_str                              0x080005ed   Thumb Code    82  _printf_str.o(.text)
    _printf_int_dec                          0x08000641   Thumb Code   104  _printf_dec.o(.text)
    _printf_charcount                        0x080006b9   Thumb Code    40  _printf_charcount.o(.text)
    _printf_char_common                      0x080006eb   Thumb Code    32  _printf_char_common.o(.text)
    _sputc                                   0x08000711   Thumb Code    10  _sputc.o(.text)
    _snputc                                  0x0800071b   Thumb Code    16  _snputc.o(.text)
    _printf_wctomb                           0x0800072d   Thumb Code   182  _printf_wctomb.o(.text)
    _printf_longlong_dec                     0x080007e9   Thumb Code   108  _printf_longlong_dec.o(.text)
    _printf_longlong_oct                     0x08000865   Thumb Code    68  _printf_oct_int_ll.o(.text)
    _printf_int_oct                          0x080008a9   Thumb Code    24  _printf_oct_int_ll.o(.text)
    _printf_ll_oct                           0x080008c1   Thumb Code    12  _printf_oct_int_ll.o(.text)
    _printf_longlong_hex                     0x080008d5   Thumb Code    86  _printf_hex_int_ll_ptr.o(.text)
    _printf_int_hex                          0x0800092b   Thumb Code    28  _printf_hex_int_ll_ptr.o(.text)
    _printf_ll_hex                           0x08000947   Thumb Code    12  _printf_hex_int_ll_ptr.o(.text)
    _printf_hex_ptr                          0x08000953   Thumb Code    18  _printf_hex_int_ll_ptr.o(.text)
    __printf                                 0x08000969   Thumb Code   388  __printf_flags_ss_wp.o(.text)
    __aeabi_memcpy4                          0x08000af1   Thumb Code     0  rt_memcpy_w.o(.text)
    __aeabi_memcpy8                          0x08000af1   Thumb Code     0  rt_memcpy_w.o(.text)
    __rt_memcpy_w                            0x08000af1   Thumb Code   100  rt_memcpy_w.o(.text)
    _memcpy_lastbytes_aligned                0x08000b39   Thumb Code     0  rt_memcpy_w.o(.text)
    __aeabi_memclr                           0x08000b55   Thumb Code     0  rt_memclr.o(.text)
    __rt_memclr                              0x08000b55   Thumb Code    68  rt_memclr.o(.text)
    _memset                                  0x08000b59   Thumb Code     0  rt_memclr.o(.text)
    __user_libspace                          0x08000b99   Thumb Code     8  libspace.o(.text)
    __user_perproc_libspace                  0x08000b99   Thumb Code     0  libspace.o(.text)
    __user_perthread_libspace                0x08000b99   Thumb Code     0  libspace.o(.text)
    __Heap_Initialize                        0x08000ba1   Thumb Code    10  h1_init.o(.text)
    __Heap_DescSize                          0x08000bab   Thumb Code     4  h1_init.o(.text)
    __Heap_ProvideMemory                     0x08000baf   Thumb Code    52  h1_extend.o(.text)
    _ll_udiv10                               0x08000be3   Thumb Code   138  lludiv10.o(.text)
    _printf_int_common                       0x08000c6d   Thumb Code   178  _printf_intcommon.o(.text)
    __lib_sel_fp_printf                      0x08000d1f   Thumb Code     2  _printf_fp_dec.o(.text)
    _printf_fp_dec_real                      0x08000ecd   Thumb Code   620  _printf_fp_dec.o(.text)
    _printf_cs_common                        0x08001139   Thumb Code    20  _printf_char.o(.text)
    _printf_char                             0x0800114d   Thumb Code    16  _printf_char.o(.text)
    _printf_string                           0x0800115d   Thumb Code     8  _printf_char.o(.text)
    _printf_lcs_common                       0x08001165   Thumb Code    20  _printf_wchar.o(.text)
    _printf_wchar                            0x08001179   Thumb Code    16  _printf_wchar.o(.text)
    _printf_wstring                          0x08001189   Thumb Code     8  _printf_wchar.o(.text)
    _wcrtomb                                 0x08001191   Thumb Code    64  _wcrtomb.o(.text)
    __rt_SIGRTMEM                            0x080011d1   Thumb Code    14  defsig_rtmem_outer.o(.text)
    __aeabi_memclr4                          0x080011df   Thumb Code     0  rt_memclr_w.o(.text)
    __aeabi_memclr8                          0x080011df   Thumb Code     0  rt_memclr_w.o(.text)
    __rt_memclr_w                            0x080011df   Thumb Code    78  rt_memclr_w.o(.text)
    _memset_w                                0x080011e3   Thumb Code     0  rt_memclr_w.o(.text)
    __user_setup_stackheap                   0x0800122d   Thumb Code    74  sys_stackheap_outer.o(.text)
    __rt_ctype_table                         0x08001279   Thumb Code    16  rt_ctype_table.o(.text)
    __rt_locale                              0x08001289   Thumb Code     8  rt_locale_intlibspace.o(.text)
    _printf_fp_infnan                        0x08001291   Thumb Code   112  _printf_fp_infnan.o(.text)
    _btod_etento                             0x08001311   Thumb Code   216  bigflt0.o(.text)
    exit                                     0x080013ed   Thumb Code    12  exit.o(.text)
    __sig_exit                               0x080013f9   Thumb Code    10  defsig_exit.o(.text)
    __rt_SIGRTMEM_inner                      0x08001405   Thumb Code    22  defsig_rtmem_inner.o(.text)
    _sys_exit                                0x08001455   Thumb Code     8  sys_exit.o(.text)
    __I$use$semihosting                      0x08001461   Thumb Code     0  use_no_semi.o(.text)
    __use_no_semihosting_swi                 0x08001461   Thumb Code     2  use_no_semi.o(.text)
    __default_signal_display                 0x08001463   Thumb Code    50  defsig_general.o(.text)
    __semihosting_library_function           0x08001463   Thumb Code     0  indicate_semi.o(.text)
    strcmp                                   0x08001495   Thumb Code   128  strcmpv7m.o(.text)
    _ttywrch                                 0x08001515   Thumb Code    14  sys_wrch.o(.text)
    _btod_d2e                                0x08001523   Thumb Code    62  btod.o(CL$$btod_d2e)
    _d2e_denorm_low                          0x08001561   Thumb Code    70  btod.o(CL$$btod_d2e_denorm_low)
    _d2e_norm_op1                            0x080015a7   Thumb Code    96  btod.o(CL$$btod_d2e_norm_op1)
    __btod_div_common                        0x08001607   Thumb Code   696  btod.o(CL$$btod_div_common)
    _e2e                                     0x0800193f   Thumb Code   198  btod.o(CL$$btod_e2e)
    _btod_ediv                               0x08001a05   Thumb Code    40  btod.o(CL$$btod_ediv)
    _btod_emul                               0x08001a2d   Thumb Code    40  btod.o(CL$$btod_emul)
    __btod_mult_common                       0x08001a55   Thumb Code   580  btod.o(CL$$btod_mult_common)
    AddDataInSqlist                          0x08001c99   Thumb Code    48  sqlist.o(i.AddDataInSqlist)
    AnswerDataOneExti                        0x08001cc9   Thumb Code    20  wiegand.o(i.AnswerDataOneExti)
    AnswerDataZeroExti                       0x08001ce1   Thumb Code    20  wiegand.o(i.AnswerDataZeroExti)
    BusFault_Handler                         0x08001cf9   Thumb Code     4  stm32f10x_it.o(i.BusFault_Handler)
    CheckWiegandDataDelay                    0x08001cfd   Thumb Code    36  unpackwiegand.o(i.CheckWiegandDataDelay)
    DMA1_Channel6_IRQHandler                 0x08001d29   Thumb Code    26  uartcom2.o(i.DMA1_Channel6_IRQHandler)
    DMA1_Channel7_IRQHandler                 0x08001d49   Thumb Code    38  uartcom2.o(i.DMA1_Channel7_IRQHandler)
    DMA_ClearFlag                            0x08001d79   Thumb Code    18  stm32f10x_dma.o(i.DMA_ClearFlag)
    DMA_Cmd                                  0x08001d95   Thumb Code    24  stm32f10x_dma.o(i.DMA_Cmd)
    DMA_DeInit                               0x08001dad   Thumb Code   324  stm32f10x_dma.o(i.DMA_DeInit)
    DMA_GetCurrDataCounter                   0x08001ef9   Thumb Code     8  stm32f10x_dma.o(i.DMA_GetCurrDataCounter)
    DMA_GetFlagStatus                        0x08001f01   Thumb Code    36  stm32f10x_dma.o(i.DMA_GetFlagStatus)
    DMA_ITConfig                             0x08001f2d   Thumb Code    18  stm32f10x_dma.o(i.DMA_ITConfig)
    DMA_Init                                 0x08001f3f   Thumb Code    60  stm32f10x_dma.o(i.DMA_Init)
    DebugMon_Handler                         0x08001f7b   Thumb Code     2  stm32f10x_it.o(i.DebugMon_Handler)
    DisableAllLed                            0x08001f7d   Thumb Code    14  led.o(i.DisableAllLed)
    EXTI0_IRQHandler                         0x08001f91   Thumb Code    24  exti.o(i.EXTI0_IRQHandler)
    EXTI1_IRQHandler                         0x08001fa9   Thumb Code    24  exti.o(i.EXTI1_IRQHandler)
    EXTI_ClearITPendingBit                   0x08001fc1   Thumb Code     6  stm32f10x_exti.o(i.EXTI_ClearITPendingBit)
    EXTI_GetITStatus                         0x08001fcd   Thumb Code    34  stm32f10x_exti.o(i.EXTI_GetITStatus)
    EXTI_Init                                0x08001ff5   Thumb Code   142  stm32f10x_exti.o(i.EXTI_Init)
    GPIO_EXTILineConfig                      0x08002089   Thumb Code    60  stm32f10x_gpio.o(i.GPIO_EXTILineConfig)
    GPIO_Init                                0x080020c9   Thumb Code   278  stm32f10x_gpio.o(i.GPIO_Init)
    GPIO_PinRemapConfig                      0x080021e1   Thumb Code   138  stm32f10x_gpio.o(i.GPIO_PinRemapConfig)
    GPIO_ReadInputDataBit                    0x08002271   Thumb Code    18  stm32f10x_gpio.o(i.GPIO_ReadInputDataBit)
    GPIO_SetBits                             0x08002283   Thumb Code     4  stm32f10x_gpio.o(i.GPIO_SetBits)
    GetDataInSqlist                          0x08002287   Thumb Code    26  sqlist.o(i.GetDataInSqlist)
    GetTheLengthOfSqlist                     0x080022a1   Thumb Code     6  sqlist.o(i.GetTheLengthOfSqlist)
    HardFault_Handler                        0x080022a7   Thumb Code     4  stm32f10x_it.o(i.HardFault_Handler)
    InitCom2Con                              0x080022ab   Thumb Code    20  uartcom2.o(i.InitCom2Con)
    InitExtiCon                              0x080024c5   Thumb Code    16  exti.o(i.InitExtiCon)
    InitSqList                               0x0800252d   Thumb Code    34  sqlist.o(i.InitSqList)
    InitTimer3Con                            0x0800254f   Thumb Code    12  timer3.o(i.InitTimer3Con)
    InitTimerCon                             0x080025c3   Thumb Code     8  totaltimer.o(i.InitTimerCon)
    InitUartCon                              0x080025cb   Thumb Code     8  uart.o(i.InitUartCon)
    InitWiegandCon                           0x080025d3   Thumb Code    12  wiegand.o(i.InitWiegandCon)
    InitWiegandProtocol                      0x08002609   Thumb Code    10  unpackwiegand.o(i.InitWiegandProtocol)
    LED_Init                                 0x08002619   Thumb Code    44  led.o(i.LED_Init)
    MemManage_Handler                        0x08002649   Thumb Code     4  stm32f10x_it.o(i.MemManage_Handler)
    NMI_Handler                              0x0800264d   Thumb Code     2  stm32f10x_it.o(i.NMI_Handler)
    NVIC_Init                                0x08002651   Thumb Code   100  misc.o(i.NVIC_Init)
    PendSV_Handler                           0x080026c1   Thumb Code     2  stm32f10x_it.o(i.PendSV_Handler)
    RCC_AHBPeriphClockCmd                    0x080026c5   Thumb Code    26  stm32f10x_rcc.o(i.RCC_AHBPeriphClockCmd)
    RCC_APB1PeriphClockCmd                   0x080026e5   Thumb Code    26  stm32f10x_rcc.o(i.RCC_APB1PeriphClockCmd)
    RCC_APB2PeriphClockCmd                   0x08002705   Thumb Code    26  stm32f10x_rcc.o(i.RCC_APB2PeriphClockCmd)
    RCC_GetClocksFreq                        0x08002725   Thumb Code   374  stm32f10x_rcc.o(i.RCC_GetClocksFreq)
    ReadWiegandResult                        0x080028b5   Thumb Code   284  unpackwiegand.o(i.ReadWiegandResult)
    RemoveAllInSqllist                       0x080029dd   Thumb Code     6  sqlist.o(i.RemoveAllInSqllist)
    SVC_Handler                              0x080029e3   Thumb Code     2  stm32f10x_it.o(i.SVC_Handler)
    SendCom2Data                             0x080029e5   Thumb Code   194  uartcom2.o(i.SendCom2Data)
    SysTick_CLKSourceConfig                  0x08002bd9   Thumb Code    40  misc.o(i.SysTick_CLKSourceConfig)
    SysTick_Handler                          0x08002c01   Thumb Code    12  stm32f10x_it.o(i.SysTick_Handler)
    SystemInit                               0x08002c11   Thumb Code    92  system_stm32f10x.o(i.SystemInit)
    TIM3_IRQHandler                          0x08002c7d   Thumb Code    26  timer3.o(i.TIM3_IRQHandler)
    TIM_ClearITPendingBit                    0x08002c9d   Thumb Code     6  stm32f10x_tim.o(i.TIM_ClearITPendingBit)
    TIM_Cmd                                  0x08002ca3   Thumb Code    24  stm32f10x_tim.o(i.TIM_Cmd)
    TIM_GetITStatus                          0x08002cbb   Thumb Code    34  stm32f10x_tim.o(i.TIM_GetITStatus)
    TIM_ITConfig                             0x08002cdd   Thumb Code    18  stm32f10x_tim.o(i.TIM_ITConfig)
    TIM_TimeBaseInit                         0x08002cf1   Thumb Code   122  stm32f10x_tim.o(i.TIM_TimeBaseInit)
    USART2_IRQHandler                        0x08002d95   Thumb Code    38  uartcom2.o(i.USART2_IRQHandler)
    USART_Cmd                                0x08002dc5   Thumb Code    24  stm32f10x_usart.o(i.USART_Cmd)
    USART_DMACmd                             0x08002ddd   Thumb Code    18  stm32f10x_usart.o(i.USART_DMACmd)
    USART_GetITStatus                        0x08002def   Thumb Code    84  stm32f10x_usart.o(i.USART_GetITStatus)
    USART_ITConfig                           0x08002e43   Thumb Code    74  stm32f10x_usart.o(i.USART_ITConfig)
    USART_Init                               0x08002e8d   Thumb Code   210  stm32f10x_usart.o(i.USART_Init)
    USART_StructInit                         0x08002f65   Thumb Code    24  stm32f10x_usart.o(i.USART_StructInit)
    UnpackWiegandData                        0x08002f7d   Thumb Code    46  unpackwiegand.o(i.UnpackWiegandData)
    UsageFault_Handler                       0x08002fb5   Thumb Code     4  stm32f10x_it.o(i.UsageFault_Handler)
    __ARM_fpclassify                         0x08002fb9   Thumb Code    40  fpclassify.o(i.__ARM_fpclassify)
    _is_digit                                0x08002fe1   Thumb Code    14  __printf_wp.o(i._is_digit)
    delay_init                               0x08003023   Thumb Code    12  delay.o(i.delay_init)
    delay_us                                 0x0800302f   Thumb Code    70  delay.o(i.delay_us)
    main                                     0x08003075   Thumb Code    68  main.o(i.main)
    printf2                                  0x080030d9   Thumb Code    50  uartcom2.o(i.printf2)
    _get_lc_numeric                          0x0800310d   Thumb Code    44  lc_numeric_c.o(locale$$code)
    _get_lc_ctype                            0x08003139   Thumb Code    44  lc_ctype_c.o(locale$$code)
    _printf_fp_dec                           0x08003165   Thumb Code     4  printf1.o(x$fpl$printf1)
    __I$use$fp                               0x08003168   Number         0  usenofp.o(x$fpl$usenofp)
    Region$$Table$$Base                      0x08003240   Number         0  anon$$obj.o(Region$$Table)
    Region$$Table$$Limit                     0x08003260   Number         0  anon$$obj.o(Region$$Table)
    __ctype                                  0x08003289   Data           0  lc_ctype_c.o(locale$$data)
    tim_cnt                                  0x20000014   Data           2  stm32f10x_it.o(.data)
    __libspace_start                         0x200000c0   Data          96  libspace.o(.bss)
    __temporary_stack_top$libspace           0x20000120   Data           0  libspace.o(.bss)



==============================================================================

Memory Map of the image

  Image Entry point : 0x08000151

  Load Region LR_IROM1 (Base: 0x08000000, Size: 0x000033a8, Max: 0x00040000, ABSOLUTE)

    Execution Region ER_IROM1 (Base: 0x08000000, Size: 0x0000338c, Max: 0x00040000, ABSOLUTE)

    Base Addr    Size         Type   Attr      Idx    E Section Name        Object

    0x08000000   0x00000150   Data   RO           19    RESET               startup_stm32f10x_cl.o
    0x08000150   0x00000008   Code   RO         3764  * !!!main             c_w.l(__main.o)
    0x08000158   0x00000034   Code   RO         4139    !!!scatter          c_w.l(__scatter.o)
    0x0800018c   0x0000001a   Code   RO         4141    !!handler_copy      c_w.l(__scatter_copy.o)
    0x080001a6   0x00000002   PAD
    0x080001a8   0x0000001c   Code   RO         4143    !!handler_zi        c_w.l(__scatter_zi.o)
    0x080001c4   0x00000000   Code   RO         3885    .ARM.Collect$$_printf_percent$$00000000  c_w.l(_printf_percent.o)
    0x080001c4   0x00000006   Code   RO         3874    .ARM.Collect$$_printf_percent$$00000001  c_w.l(_printf_n.o)
    0x080001ca   0x00000006   Code   RO         3876    .ARM.Collect$$_printf_percent$$00000002  c_w.l(_printf_p.o)
    0x080001d0   0x00000006   Code   RO         3881    .ARM.Collect$$_printf_percent$$00000003  c_w.l(_printf_f.o)
    0x080001d6   0x00000006   Code   RO         3882    .ARM.Collect$$_printf_percent$$00000004  c_w.l(_printf_e.o)
    0x080001dc   0x00000006   Code   RO         3883    .ARM.Collect$$_printf_percent$$00000005  c_w.l(_printf_g.o)
    0x080001e2   0x00000006   Code   RO         3884    .ARM.Collect$$_printf_percent$$00000006  c_w.l(_printf_a.o)
    0x080001e8   0x0000000a   Code   RO         3889    .ARM.Collect$$_printf_percent$$00000007  c_w.l(_printf_ll.o)
    0x080001f2   0x00000006   Code   RO         3878    .ARM.Collect$$_printf_percent$$00000008  c_w.l(_printf_i.o)
    0x080001f8   0x00000006   Code   RO         3879    .ARM.Collect$$_printf_percent$$00000009  c_w.l(_printf_d.o)
    0x080001fe   0x00000006   Code   RO         3880    .ARM.Collect$$_printf_percent$$0000000A  c_w.l(_printf_u.o)
    0x08000204   0x00000006   Code   RO         3877    .ARM.Collect$$_printf_percent$$0000000B  c_w.l(_printf_o.o)
    0x0800020a   0x00000006   Code   RO         3875    .ARM.Collect$$_printf_percent$$0000000C  c_w.l(_printf_x.o)
    0x08000210   0x00000006   Code   RO         3886    .ARM.Collect$$_printf_percent$$0000000D  c_w.l(_printf_lli.o)
    0x08000216   0x00000006   Code   RO         3887    .ARM.Collect$$_printf_percent$$0000000E  c_w.l(_printf_lld.o)
    0x0800021c   0x00000006   Code   RO         3888    .ARM.Collect$$_printf_percent$$0000000F  c_w.l(_printf_llu.o)
    0x08000222   0x00000006   Code   RO         3893    .ARM.Collect$$_printf_percent$$00000010  c_w.l(_printf_llo.o)
    0x08000228   0x00000006   Code   RO         3894    .ARM.Collect$$_printf_percent$$00000011  c_w.l(_printf_llx.o)
    0x0800022e   0x0000000a   Code   RO         3890    .ARM.Collect$$_printf_percent$$00000012  c_w.l(_printf_l.o)
    0x08000238   0x00000006   Code   RO         3872    .ARM.Collect$$_printf_percent$$00000013  c_w.l(_printf_c.o)
    0x0800023e   0x00000006   Code   RO         3873    .ARM.Collect$$_printf_percent$$00000014  c_w.l(_printf_s.o)
    0x08000244   0x00000006   Code   RO         3891    .ARM.Collect$$_printf_percent$$00000015  c_w.l(_printf_lc.o)
    0x0800024a   0x00000006   Code   RO         3892    .ARM.Collect$$_printf_percent$$00000016  c_w.l(_printf_ls.o)
    0x08000250   0x00000004   Code   RO         3941    .ARM.Collect$$_printf_percent$$00000017  c_w.l(_printf_percent_end.o)
    0x08000254   0x00000002   Code   RO         4060    .ARM.Collect$$libinit$$00000000  c_w.l(libinit.o)
    0x08000256   0x00000000   Code   RO         3956    .ARM.Collect$$libinit$$00000002  c_w.l(libinit2.o)
    0x08000256   0x00000000   Code   RO         3958    .ARM.Collect$$libinit$$00000004  c_w.l(libinit2.o)
    0x08000256   0x00000008   Code   RO         3959    .ARM.Collect$$libinit$$00000005  c_w.l(libinit2.o)
    0x0800025e   0x00000000   Code   RO         3961    .ARM.Collect$$libinit$$0000000A  c_w.l(libinit2.o)
    0x0800025e   0x00000000   Code   RO         3963    .ARM.Collect$$libinit$$0000000C  c_w.l(libinit2.o)
    0x0800025e   0x00000000   Code   RO         3965    .ARM.Collect$$libinit$$0000000E  c_w.l(libinit2.o)
    0x0800025e   0x00000006   Code   RO         3966    .ARM.Collect$$libinit$$0000000F  c_w.l(libinit2.o)
    0x08000264   0x00000000   Code   RO         3968    .ARM.Collect$$libinit$$00000011  c_w.l(libinit2.o)
    0x08000264   0x0000000c   Code   RO         3969    .ARM.Collect$$libinit$$00000012  c_w.l(libinit2.o)
    0x08000270   0x00000000   Code   RO         3970    .ARM.Collect$$libinit$$00000013  c_w.l(libinit2.o)
    0x08000270   0x00000000   Code   RO         3972    .ARM.Collect$$libinit$$00000015  c_w.l(libinit2.o)
    0x08000270   0x0000000a   Code   RO         3973    .ARM.Collect$$libinit$$00000016  c_w.l(libinit2.o)
    0x0800027a   0x00000000   Code   RO         3974    .ARM.Collect$$libinit$$00000017  c_w.l(libinit2.o)
    0x0800027a   0x00000000   Code   RO         3976    .ARM.Collect$$libinit$$00000019  c_w.l(libinit2.o)
    0x0800027a   0x00000000   Code   RO         3978    .ARM.Collect$$libinit$$0000001B  c_w.l(libinit2.o)
    0x0800027a   0x00000000   Code   RO         3980    .ARM.Collect$$libinit$$0000001D  c_w.l(libinit2.o)
    0x0800027a   0x00000000   Code   RO         3982    .ARM.Collect$$libinit$$0000001F  c_w.l(libinit2.o)
    0x0800027a   0x00000000   Code   RO         3984    .ARM.Collect$$libinit$$00000021  c_w.l(libinit2.o)
    0x0800027a   0x00000000   Code   RO         3986    .ARM.Collect$$libinit$$00000023  c_w.l(libinit2.o)
    0x0800027a   0x00000000   Code   RO         3988    .ARM.Collect$$libinit$$00000025  c_w.l(libinit2.o)
    0x0800027a   0x00000000   Code   RO         3992    .ARM.Collect$$libinit$$0000002C  c_w.l(libinit2.o)
    0x0800027a   0x00000000   Code   RO         3994    .ARM.Collect$$libinit$$0000002E  c_w.l(libinit2.o)
    0x0800027a   0x00000000   Code   RO         3996    .ARM.Collect$$libinit$$00000030  c_w.l(libinit2.o)
    0x0800027a   0x00000000   Code   RO         3998    .ARM.Collect$$libinit$$00000032  c_w.l(libinit2.o)
    0x0800027a   0x00000002   Code   RO         3999    .ARM.Collect$$libinit$$00000033  c_w.l(libinit2.o)
    0x0800027c   0x00000002   Code   RO         4136    .ARM.Collect$$libshutdown$$00000000  c_w.l(libshutdown.o)
    0x0800027e   0x00000000   Code   RO         4094    .ARM.Collect$$libshutdown$$00000003  c_w.l(libshutdown2.o)
    0x0800027e   0x00000000   Code   RO         4097    .ARM.Collect$$libshutdown$$00000006  c_w.l(libshutdown2.o)
    0x0800027e   0x00000000   Code   RO         4100    .ARM.Collect$$libshutdown$$00000009  c_w.l(libshutdown2.o)
    0x0800027e   0x00000000   Code   RO         4102    .ARM.Collect$$libshutdown$$0000000B  c_w.l(libshutdown2.o)
    0x0800027e   0x00000000   Code   RO         4105    .ARM.Collect$$libshutdown$$0000000E  c_w.l(libshutdown2.o)
    0x0800027e   0x00000002   Code   RO         4106    .ARM.Collect$$libshutdown$$0000000F  c_w.l(libshutdown2.o)
    0x08000280   0x00000000   Code   RO         3768    .ARM.Collect$$rtentry$$00000000  c_w.l(__rtentry.o)
    0x08000280   0x00000000   Code   RO         3905    .ARM.Collect$$rtentry$$00000002  c_w.l(__rtentry2.o)
    0x08000280   0x00000006   Code   RO         3917    .ARM.Collect$$rtentry$$00000004  c_w.l(__rtentry4.o)
    0x08000286   0x00000000   Code   RO         3907    .ARM.Collect$$rtentry$$00000009  c_w.l(__rtentry2.o)
    0x08000286   0x00000004   Code   RO         3908    .ARM.Collect$$rtentry$$0000000A  c_w.l(__rtentry2.o)
    0x0800028a   0x00000000   Code   RO         3910    .ARM.Collect$$rtentry$$0000000C  c_w.l(__rtentry2.o)
    0x0800028a   0x00000008   Code   RO         3911    .ARM.Collect$$rtentry$$0000000D  c_w.l(__rtentry2.o)
    0x08000292   0x00000002   Code   RO         4073    .ARM.Collect$$rtexit$$00000000  c_w.l(rtexit.o)
    0x08000294   0x00000000   Code   RO         4110    .ARM.Collect$$rtexit$$00000002  c_w.l(rtexit2.o)
    0x08000294   0x00000004   Code   RO         4111    .ARM.Collect$$rtexit$$00000003  c_w.l(rtexit2.o)
    0x08000298   0x00000006   Code   RO         4112    .ARM.Collect$$rtexit$$00000004  c_w.l(rtexit2.o)
    0x0800029e   0x00000002   PAD
    0x080002a0   0x00000000   Code   RO         3919    .emb_text           c_w.l(maybetermalloc1.o)
    0x080002a0   0x00000040   Code   RO           20    .text               startup_stm32f10x_cl.o
    0x080002e0   0x00000028   Code   RO         3702    .text               c_w.l(calloc.o)
    0x08000308   0x000000b8   Code   RO         3704    .text               c_w.l(h1_realloc.o)
    0x080003c0   0x00000034   Code   RO         3758    .text               c_w.l(c89vsnprintf.o)
    0x080003f4   0x0000003e   Code   RO         3760    .text               c_w.l(strlen.o)
    0x08000432   0x00000006   Code   RO         3762    .text               c_w.l(heapauxi.o)
    0x08000438   0x00000008   Code   RO         3772    .text               c_w.l(rt_heap_descriptor_intlibspace.o)
    0x08000440   0x00000004   Code   RO         3774    .text               c_w.l(hguard.o)
    0x08000444   0x0000008a   Code   RO         3776    .text               c_w.l(init_alloc.o)
    0x080004ce   0x0000005e   Code   RO         3784    .text               c_w.l(h1_alloc.o)
    0x0800052c   0x0000004e   Code   RO         3786    .text               c_w.l(h1_free.o)
    0x0800057a   0x0000004e   Code   RO         3804    .text               c_w.l(_printf_pad.o)
    0x080005c8   0x00000024   Code   RO         3806    .text               c_w.l(_printf_truncate.o)
    0x080005ec   0x00000052   Code   RO         3808    .text               c_w.l(_printf_str.o)
    0x0800063e   0x00000002   PAD
    0x08000640   0x00000078   Code   RO         3810    .text               c_w.l(_printf_dec.o)
    0x080006b8   0x00000028   Code   RO         3812    .text               c_w.l(_printf_charcount.o)
    0x080006e0   0x00000030   Code   RO         3814    .text               c_w.l(_printf_char_common.o)
    0x08000710   0x0000000a   Code   RO         3816    .text               c_w.l(_sputc.o)
    0x0800071a   0x00000010   Code   RO         3818    .text               c_w.l(_snputc.o)
    0x0800072a   0x00000002   PAD
    0x0800072c   0x000000bc   Code   RO         3820    .text               c_w.l(_printf_wctomb.o)
    0x080007e8   0x0000007c   Code   RO         3823    .text               c_w.l(_printf_longlong_dec.o)
    0x08000864   0x00000070   Code   RO         3829    .text               c_w.l(_printf_oct_int_ll.o)
    0x080008d4   0x00000094   Code   RO         3849    .text               c_w.l(_printf_hex_int_ll_ptr.o)
    0x08000968   0x00000188   Code   RO         3869    .text               c_w.l(__printf_flags_ss_wp.o)
    0x08000af0   0x00000064   Code   RO         3895    .text               c_w.l(rt_memcpy_w.o)
    0x08000b54   0x00000044   Code   RO         3897    .text               c_w.l(rt_memclr.o)
    0x08000b98   0x00000008   Code   RO         3901    .text               c_w.l(libspace.o)
    0x08000ba0   0x0000000e   Code   RO         3921    .text               c_w.l(h1_init.o)
    0x08000bae   0x00000034   Code   RO         3923    .text               c_w.l(h1_extend.o)
    0x08000be2   0x0000008a   Code   RO         3929    .text               c_w.l(lludiv10.o)
    0x08000c6c   0x000000b2   Code   RO         3931    .text               c_w.l(_printf_intcommon.o)
    0x08000d1e   0x0000041a   Code   RO         3933    .text               c_w.l(_printf_fp_dec.o)
    0x08001138   0x0000002c   Code   RO         3937    .text               c_w.l(_printf_char.o)
    0x08001164   0x0000002c   Code   RO         3939    .text               c_w.l(_printf_wchar.o)
    0x08001190   0x00000040   Code   RO         3942    .text               c_w.l(_wcrtomb.o)
    0x080011d0   0x0000000e   Code   RO         3944    .text               c_w.l(defsig_rtmem_outer.o)
    0x080011de   0x0000004e   Code   RO         3948    .text               c_w.l(rt_memclr_w.o)
    0x0800122c   0x0000004a   Code   RO         4002    .text               c_w.l(sys_stackheap_outer.o)
    0x08001276   0x00000002   PAD
    0x08001278   0x00000010   Code   RO         4004    .text               c_w.l(rt_ctype_table.o)
    0x08001288   0x00000008   Code   RO         4011    .text               c_w.l(rt_locale_intlibspace.o)
    0x08001290   0x00000080   Code   RO         4017    .text               c_w.l(_printf_fp_infnan.o)
    0x08001310   0x000000dc   Code   RO         4019    .text               c_w.l(bigflt0.o)
    0x080013ec   0x0000000c   Code   RO         4047    .text               c_w.l(exit.o)
    0x080013f8   0x0000000a   Code   RO         4049    .text               c_w.l(defsig_exit.o)
    0x08001402   0x00000002   PAD
    0x08001404   0x00000050   Code   RO         4051    .text               c_w.l(defsig_rtmem_inner.o)
    0x08001454   0x0000000c   Code   RO         4068    .text               c_w.l(sys_exit.o)
    0x08001460   0x00000002   Code   RO         4070    .text               c_w.l(use_no_semi.o)
    0x08001462   0x00000000   Code   RO         4072    .text               c_w.l(indicate_semi.o)
    0x08001462   0x00000032   Code   RO         4084    .text               c_w.l(defsig_general.o)
    0x08001494   0x00000080   Code   RO         4086    .text               c_w.l(strcmpv7m.o)
    0x08001514   0x0000000e   Code   RO         4107    .text               c_w.l(sys_wrch.o)
    0x08001522   0x0000003e   Code   RO         4022    CL$$btod_d2e        c_w.l(btod.o)
    0x08001560   0x00000046   Code   RO         4024    CL$$btod_d2e_denorm_low  c_w.l(btod.o)
    0x080015a6   0x00000060   Code   RO         4023    CL$$btod_d2e_norm_op1  c_w.l(btod.o)
    0x08001606   0x00000338   Code   RO         4032    CL$$btod_div_common  c_w.l(btod.o)
    0x0800193e   0x000000c6   Code   RO         4029    CL$$btod_e2e        c_w.l(btod.o)
    0x08001a04   0x00000028   Code   RO         4026    CL$$btod_ediv       c_w.l(btod.o)
    0x08001a2c   0x00000028   Code   RO         4025    CL$$btod_emul       c_w.l(btod.o)
    0x08001a54   0x00000244   Code   RO         4031    CL$$btod_mult_common  c_w.l(btod.o)
    0x08001c98   0x00000030   Code   RO         3299    i.AddDataInSqlist   sqlist.o
    0x08001cc8   0x00000018   Code   RO         3622    i.AnswerDataOneExti  wiegand.o
    0x08001ce0   0x00000018   Code   RO         3623    i.AnswerDataZeroExti  wiegand.o
    0x08001cf8   0x00000004   Code   RO         3128    i.BusFault_Handler  stm32f10x_it.o
    0x08001cfc   0x0000002c   Code   RO         3662    i.CheckWiegandDataDelay  unpackwiegand.o
    0x08001d28   0x00000020   Code   RO         3453    i.DMA1_Channel6_IRQHandler  uartcom2.o
    0x08001d48   0x00000030   Code   RO         3454    i.DMA1_Channel7_IRQHandler  uartcom2.o
    0x08001d78   0x0000001c   Code   RO          832    i.DMA_ClearFlag     stm32f10x_dma.o
    0x08001d94   0x00000018   Code   RO          834    i.DMA_Cmd           stm32f10x_dma.o
    0x08001dac   0x0000014c   Code   RO          835    i.DMA_DeInit        stm32f10x_dma.o
    0x08001ef8   0x00000008   Code   RO          836    i.DMA_GetCurrDataCounter  stm32f10x_dma.o
    0x08001f00   0x0000002c   Code   RO          837    i.DMA_GetFlagStatus  stm32f10x_dma.o
    0x08001f2c   0x00000012   Code   RO          839    i.DMA_ITConfig      stm32f10x_dma.o
    0x08001f3e   0x0000003c   Code   RO          840    i.DMA_Init          stm32f10x_dma.o
    0x08001f7a   0x00000002   Code   RO         3129    i.DebugMon_Handler  stm32f10x_it.o
    0x08001f7c   0x00000014   Code   RO         3347    i.DisableAllLed     led.o
    0x08001f90   0x00000018   Code   RO         3580    i.EXTI0_IRQHandler  exti.o
    0x08001fa8   0x00000018   Code   RO         3581    i.EXTI1_IRQHandler  exti.o
    0x08001fc0   0x0000000c   Code   RO          905    i.EXTI_ClearITPendingBit  stm32f10x_exti.o
    0x08001fcc   0x00000028   Code   RO          909    i.EXTI_GetITStatus  stm32f10x_exti.o
    0x08001ff4   0x00000094   Code   RO          910    i.EXTI_Init         stm32f10x_exti.o
    0x08002088   0x00000040   Code   RO         1255    i.GPIO_EXTILineConfig  stm32f10x_gpio.o
    0x080020c8   0x00000116   Code   RO         1258    i.GPIO_Init         stm32f10x_gpio.o
    0x080021de   0x00000002   PAD
    0x080021e0   0x00000090   Code   RO         1260    i.GPIO_PinRemapConfig  stm32f10x_gpio.o
    0x08002270   0x00000012   Code   RO         1262    i.GPIO_ReadInputDataBit  stm32f10x_gpio.o
    0x08002282   0x00000004   Code   RO         1266    i.GPIO_SetBits      stm32f10x_gpio.o
    0x08002286   0x0000001a   Code   RO         3300    i.GetDataInSqlist   sqlist.o
    0x080022a0   0x00000006   Code   RO         3301    i.GetTheLengthOfSqlist  sqlist.o
    0x080022a6   0x00000004   Code   RO         3130    i.HardFault_Handler  stm32f10x_it.o
    0x080022aa   0x00000014   Code   RO         3455    i.InitCom2Con       uartcom2.o
    0x080022be   0x00000002   PAD
    0x080022c0   0x000000b8   Code   RO         3456    i.InitCom2Dma       uartcom2.o
    0x08002378   0x00000058   Code   RO         3457    i.InitCom2Nvic      uartcom2.o
    0x080023d0   0x00000060   Code   RO         3458    i.InitCom2Para      uartcom2.o
    0x08002430   0x00000058   Code   RO         3459    i.InitCom2Pin       uartcom2.o
    0x08002488   0x0000003c   Code   RO         3582    i.InitExti          exti.o
    0x080024c4   0x00000010   Code   RO         3583    i.InitExtiCon       exti.o
    0x080024d4   0x0000001c   Code   RO         3584    i.InitGpio          exti.o
    0x080024f0   0x0000003c   Code   RO         3585    i.InitNvic          exti.o
    0x0800252c   0x00000022   Code   RO         3302    i.InitSqList        sqlist.o
    0x0800254e   0x0000000c   Code   RO         3552    i.InitTimer3Con     timer3.o
    0x0800255a   0x00000002   PAD
    0x0800255c   0x00000044   Code   RO         3553    i.InitTimer3Mode    timer3.o
    0x080025a0   0x00000022   Code   RO         3554    i.InitTimer3Nvic    timer3.o
    0x080025c2   0x00000008   Code   RO         3534    i.InitTimerCon      totaltimer.o
    0x080025ca   0x00000008   Code   RO         3401    i.InitUartCon       uart.o
    0x080025d2   0x0000000c   Code   RO         3624    i.InitWiegandCon    wiegand.o
    0x080025de   0x00000002   PAD
    0x080025e0   0x00000028   Code   RO         3625    i.InitWiegandGpio   wiegand.o
    0x08002608   0x00000010   Code   RO         3663    i.InitWiegandProtocol  unpackwiegand.o
    0x08002618   0x00000030   Code   RO         3349    i.LED_Init          led.o
    0x08002648   0x00000004   Code   RO         3131    i.MemManage_Handler  stm32f10x_it.o
    0x0800264c   0x00000002   Code   RO         3132    i.NMI_Handler       stm32f10x_it.o
    0x0800264e   0x00000002   PAD
    0x08002650   0x00000070   Code   RO           24    i.NVIC_Init         misc.o
    0x080026c0   0x00000002   Code   RO         3133    i.PendSV_Handler    stm32f10x_it.o
    0x080026c2   0x00000002   PAD
    0x080026c4   0x00000020   Code   RO         1673    i.RCC_AHBPeriphClockCmd  stm32f10x_rcc.o
    0x080026e4   0x00000020   Code   RO         1675    i.RCC_APB1PeriphClockCmd  stm32f10x_rcc.o
    0x08002704   0x00000020   Code   RO         1677    i.RCC_APB2PeriphClockCmd  stm32f10x_rcc.o
    0x08002724   0x00000190   Code   RO         1685    i.RCC_GetClocksFreq  stm32f10x_rcc.o
    0x080028b4   0x00000128   Code   RO         3664    i.ReadWiegandResult  unpackwiegand.o
    0x080029dc   0x00000006   Code   RO         3303    i.RemoveAllInSqllist  sqlist.o
    0x080029e2   0x00000002   Code   RO         3134    i.SVC_Handler       stm32f10x_it.o
    0x080029e4   0x000000d4   Code   RO         3461    i.SendCom2Data      uartcom2.o
    0x08002ab8   0x00000008   Code   RO         3220    i.SetSysClock       system_stm32f10x.o
    0x08002ac0   0x00000118   Code   RO         3221    i.SetSysClockTo72   system_stm32f10x.o
    0x08002bd8   0x00000028   Code   RO           28    i.SysTick_CLKSourceConfig  misc.o
    0x08002c00   0x00000010   Code   RO         3135    i.SysTick_Handler   stm32f10x_it.o
    0x08002c10   0x0000006c   Code   RO         3223    i.SystemInit        system_stm32f10x.o
    0x08002c7c   0x00000020   Code   RO         3555    i.TIM3_IRQHandler   timer3.o
    0x08002c9c   0x00000006   Code   RO         2357    i.TIM_ClearITPendingBit  stm32f10x_tim.o
    0x08002ca2   0x00000018   Code   RO         2362    i.TIM_Cmd           stm32f10x_tim.o
    0x08002cba   0x00000022   Code   RO         2383    i.TIM_GetITStatus   stm32f10x_tim.o
    0x08002cdc   0x00000012   Code   RO         2387    i.TIM_ITConfig      stm32f10x_tim.o
    0x08002cee   0x00000002   PAD
    0x08002cf0   0x000000a4   Code   RO         2433    i.TIM_TimeBaseInit  stm32f10x_tim.o
    0x08002d94   0x00000030   Code   RO         3462    i.USART2_IRQHandler  uartcom2.o
    0x08002dc4   0x00000018   Code   RO         2898    i.USART_Cmd         stm32f10x_usart.o
    0x08002ddc   0x00000012   Code   RO         2899    i.USART_DMACmd      stm32f10x_usart.o
    0x08002dee   0x00000054   Code   RO         2902    i.USART_GetITStatus  stm32f10x_usart.o
    0x08002e42   0x0000004a   Code   RO         2904    i.USART_ITConfig    stm32f10x_usart.o
    0x08002e8c   0x000000d8   Code   RO         2905    i.USART_Init        stm32f10x_usart.o
    0x08002f64   0x00000018   Code   RO         2921    i.USART_StructInit  stm32f10x_usart.o
    0x08002f7c   0x00000038   Code   RO         3665    i.UnpackWiegandData  unpackwiegand.o
    0x08002fb4   0x00000004   Code   RO         3136    i.UsageFault_Handler  stm32f10x_it.o
    0x08002fb8   0x00000028   Code   RO         4066    i.__ARM_fpclassify  m_ws.l(fpclassify.o)
    0x08002fe0   0x0000000e   Code   RO         3862    i._is_digit         c_w.l(__printf_wp.o)
    0x08002fee   0x00000034   Code   RO         3626    i.checkForInputBit  wiegand.o
    0x08003022   0x0000000c   Code   RO         3374    i.delay_init        delay.o
    0x0800302e   0x00000046   Code   RO         3376    i.delay_us          delay.o
    0x08003074   0x00000064   Code   RO         3254    i.main              main.o
    0x080030d8   0x00000032   Code   RO         3463    i.printf2           uartcom2.o
    0x0800310a   0x00000002   PAD
    0x0800310c   0x0000002c   Code   RO         4045    locale$$code        c_w.l(lc_numeric_c.o)
    0x08003138   0x0000002c   Code   RO         4080    locale$$code        c_w.l(lc_ctype_c.o)
    0x08003164   0x00000004   Code   RO         3899    x$fpl$printf1       fz_ws.l(printf1.o)
    0x08003168   0x00000000   Code   RO         4065    x$fpl$usenofp       fz_ws.l(usenofp.o)
    0x08003168   0x00000008   Data   RO         3821    .constdata          c_w.l(_printf_wctomb.o)
    0x08003170   0x00000028   Data   RO         3850    .constdata          c_w.l(_printf_hex_int_ll_ptr.o)
    0x08003198   0x00000011   Data   RO         3870    .constdata          c_w.l(__printf_flags_ss_wp.o)
    0x080031a9   0x00000003   PAD
    0x080031ac   0x00000094   Data   RO         4020    .constdata          c_w.l(bigflt0.o)
    0x08003240   0x00000020   Data   RO         4137    Region$$Table       anon$$obj.o
    0x08003260   0x0000001c   Data   RO         4044    locale$$data        c_w.l(lc_numeric_c.o)
    0x0800327c   0x00000110   Data   RO         4079    locale$$data        c_w.l(lc_ctype_c.o)


    Execution Region RW_IRAM1 (Base: 0x20000000, Size: 0x00000720, Max: 0x00010000, ABSOLUTE)

    Base Addr    Size         Type   Attr      Idx    E Section Name        Object

    0x20000000   0x00000014   Data   RW         1713    .data               stm32f10x_rcc.o
    0x20000014   0x00000002   Data   RW         3137    .data               stm32f10x_it.o
    0x20000016   0x00000003   Data   RW         3465    .data               uartcom2.o
    0x20000019   0x00000002   Data   RW         3667    .data               unpackwiegand.o
    0x2000001b   0x00000001   PAD
    0x2000001c   0x00000096   Zero   RW         3464    .bss                uartcom2.o
    0x200000b2   0x00000002   PAD
    0x200000b4   0x0000000c   Zero   RW         3666    .bss                unpackwiegand.o
    0x200000c0   0x00000060   Zero   RW         3902    .bss                c_w.l(libspace.o)
    0x20000120   0x00000200   Zero   RW           18    HEAP                startup_stm32f10x_cl.o
    0x20000320   0x00000400   Zero   RW           17    STACK               startup_stm32f10x_cl.o


==============================================================================

Image component sizes


      Code (inc. data)   RO Data    RW Data    ZI Data      Debug   Object Name

         0          0          0          0          0       4560   core_cm3.o
        82          0          0          0          0        892   delay.o
       212          0          0          0          0       2564   exti.o
        68         10          0          0          0        867   led.o
       100         32          0          0          0        863   main.o
       152         12          0          0          0     282650   misc.o
       120          0          0          0          0       3189   sqlist.o
        64         26        336          0       1536        780   startup_stm32f10x_cl.o
       514         26          0          0          0       5454   stm32f10x_dma.o
       200         18          0          0          0       1988   stm32f10x_exti.o
       508         10          0          0          0       4375   stm32f10x_gpio.o
        40          4          0          2          0       4076   stm32f10x_it.o
       496         44          0         20          0       5642   stm32f10x_rcc.o
       246         42          0          0          0       3374   stm32f10x_tim.o
       440          6          0          0          0       5340   stm32f10x_usart.o
       396         32          0          0          0       1785   system_stm32f10x.o
       146         12          0          0          0       1750   timer3.o
         8          0          0          0          0        431   totaltimer.o
         8          0          0          0          0     222098   uart.o
       866         74          0          3        150       6425   uartcom2.o
       412         36          0          2         12       2846   unpackwiegand.o
       152         12          0          0          0       2790   wiegand.o

    ----------------------------------------------------------------------
      5246        396        368         28       1700     564739   Object Totals
         0          0         32          0          0          0   (incl. Generated)
        16          0          0          1          2          0   (incl. Padding)

    ----------------------------------------------------------------------

      Code (inc. data)   RO Data    RW Data    ZI Data      Debug   Library Member Name

         8          0          0          0          0         68   __main.o
       392          4         17          0          0         92   __printf_flags_ss_wp.o
        14          0          0          0          0         68   __printf_wp.o
         0          0          0          0          0          0   __rtentry.o
        12          0          0          0          0          0   __rtentry2.o
         6          0          0          0          0          0   __rtentry4.o
        52          8          0          0          0          0   __scatter.o
        26          0          0          0          0          0   __scatter_copy.o
        28          0          0          0          0          0   __scatter_zi.o
         6          0          0          0          0          0   _printf_a.o
         6          0          0          0          0          0   _printf_c.o
        44          0          0          0          0        108   _printf_char.o
        48          6          0          0          0         96   _printf_char_common.o
        40          0          0          0          0         68   _printf_charcount.o
         6          0          0          0          0          0   _printf_d.o
       120         16          0          0          0         92   _printf_dec.o
         6          0          0          0          0          0   _printf_e.o
         6          0          0          0          0          0   _printf_f.o
      1050          0          0          0          0        216   _printf_fp_dec.o
       128         16          0          0          0         84   _printf_fp_infnan.o
         6          0          0          0          0          0   _printf_g.o
       148          4         40          0          0        160   _printf_hex_int_ll_ptr.o
         6          0          0          0          0          0   _printf_i.o
       178          0          0          0          0         88   _printf_intcommon.o
        10          0          0          0          0          0   _printf_l.o
         6          0          0          0          0          0   _printf_lc.o
        10          0          0          0          0          0   _printf_ll.o
         6          0          0          0          0          0   _printf_lld.o
         6          0          0          0          0          0   _printf_lli.o
         6          0          0          0          0          0   _printf_llo.o
         6          0          0          0          0          0   _printf_llu.o
         6          0          0          0          0          0   _printf_llx.o
       124         16          0          0          0         92   _printf_longlong_dec.o
         6          0          0          0          0          0   _printf_ls.o
         6          0          0          0          0          0   _printf_n.o
         6          0          0          0          0          0   _printf_o.o
       112          8          0          0          0        124   _printf_oct_int_ll.o
         6          0          0          0          0          0   _printf_p.o
        78          0          0          0          0        108   _printf_pad.o
         0          0          0          0          0          0   _printf_percent.o
         4          0          0          0          0          0   _printf_percent_end.o
         6          0          0          0          0          0   _printf_s.o
        82          0          0          0          0         80   _printf_str.o
        36          0          0          0          0         84   _printf_truncate.o
         6          0          0          0          0          0   _printf_u.o
        44          0          0          0          0        108   _printf_wchar.o
       188          6          8          0          0         92   _printf_wctomb.o
         6          0          0          0          0          0   _printf_x.o
        16          0          0          0          0         68   _snputc.o
        10          0          0          0          0         68   _sputc.o
        64          0          0          0          0         92   _wcrtomb.o
       220          4        148          0          0         96   bigflt0.o
      1910        128          0          0          0        672   btod.o
        52          4          0          0          0         80   c89vsnprintf.o
        40          0          0          0          0         80   calloc.o
        10          0          0          0          0         68   defsig_exit.o
        50          0          0          0          0         88   defsig_general.o
        80         58          0          0          0         76   defsig_rtmem_inner.o
        14          0          0          0          0         80   defsig_rtmem_outer.o
        12          0          0          0          0         72   exit.o
        94          0          0          0          0         80   h1_alloc.o
        52          0          0          0          0         68   h1_extend.o
        78          0          0          0          0         80   h1_free.o
        14          0          0          0          0         84   h1_init.o
       184          0          0          0          0         92   h1_realloc.o
         6          0          0          0          0        152   heapauxi.o
         4          0          0          0          0        136   hguard.o
         0          0          0          0          0          0   indicate_semi.o
       138          0          0          0          0        168   init_alloc.o
        44         10        272          0          0         76   lc_ctype_c.o
        44         10         28          0          0         76   lc_numeric_c.o
         2          0          0          0          0          0   libinit.o
        38          0          0          0          0          0   libinit2.o
         2          0          0          0          0          0   libshutdown.o
         2          0          0          0          0          0   libshutdown2.o
         8          4          0          0         96         68   libspace.o
       138          0          0          0          0         80   lludiv10.o
         0          0          0          0          0          0   maybetermalloc1.o
        16          4          0          0          0         76   rt_ctype_table.o
         8          4          0          0          0         68   rt_heap_descriptor_intlibspace.o
         8          4          0          0          0         68   rt_locale_intlibspace.o
        68          0          0          0          0         68   rt_memclr.o
        78          0          0          0          0         80   rt_memclr_w.o
       100          0          0          0          0         80   rt_memcpy_w.o
         2          0          0          0          0          0   rtexit.o
        10          0          0          0          0          0   rtexit2.o
       128          0          0          0          0         68   strcmpv7m.o
        62          0          0          0          0         76   strlen.o
        12          4          0          0          0         68   sys_exit.o
        74          0          0          0          0         80   sys_stackheap_outer.o
        14          0          0          0          0         76   sys_wrch.o
         2          0          0          0          0         68   use_no_semi.o
         4          0          0          0          0         68   printf1.o
         0          0          0          0          0          0   usenofp.o
        40          0          0          0          0         68   fpclassify.o

    ----------------------------------------------------------------------
      7066        318        516          0         96       5540   Library Totals
        12          0          3          0          0          0   (incl. Padding)

    ----------------------------------------------------------------------

      Code (inc. data)   RO Data    RW Data    ZI Data      Debug   Library Name

      7010        318        513          0         96       5404   c_w.l
         4          0          0          0          0         68   fz_ws.l
        40          0          0          0          0         68   m_ws.l

    ----------------------------------------------------------------------
      7066        318        516          0         96       5540   Library Totals

    ----------------------------------------------------------------------

==============================================================================


      Code (inc. data)   RO Data    RW Data    ZI Data      Debug   

     12312        714        884         28       1796     562891   Grand Totals
     12312        714        884         28       1796     562891   ELF Image Totals
     12312        714        884         28          0          0   ROM Totals

==============================================================================

    Total RO  Size (Code + RO Data)                13196 (  12.89kB)
    Total RW  Size (RW Data + ZI Data)              1824 (   1.78kB)
    Total ROM Size (Code + RO Data + RW Data)      13224 (  12.91kB)

==============================================================================

