<html>
<body>
<pre>
<h1>µVision Build Log</h1>
<h2>Tool Versions:</h2>
IDE-Version: ¦ÌVision V5.14.0.0
Copyright (C) 2015 ARM Ltd and ARM Germany GmbH. All rights reserved.
License Information: hua hua, hua, LIC=KIVAR-KQP6U-MQ10F-6W0QL-FE8B5-E6HT4
 
Tool Versions:
Toolchain:       MDK-ARM Professional  Version: 5.14.0.0
Toolchain Path:  C:\Software\Keil_v5\MDK\ARM\ARMCC\Bin
C Compiler:      Armcc.exe V5.05 update 1 (build 106)
Assembler:       Armasm.exe V5.05 update 1 (build 106)
Linker/Locator:  ArmLink.exe V5.05 update 1 (build 106)
Library Manager: ArmAr.exe V5.05 update 1 (build 106)
Hex Converter:   FromElf.exe V5.05 update 1 (build 106)
CPU DLL:         SARMCM3.DLL V5.14.0.0
Dialog DLL:      DCM.DLL V1.13.1.0
Target DLL:      STLink\ST-LINKIII-KEIL_SWO.dll V2.0.14.0_KEIL
Dialog DLL:      TCM.DLL V1.14.4.0
 
<h2>Project:</h2>
E:\Core\Stm32\project\WiegandTest\User\WiegandTest.uvprojx
Project File Date:  02/14/2017

<h2>Output:</h2>
Build target 'WiegandTest'
compiling main.c...
main.c(10): warning:  #177-D: variable "data" was declared but never referenced
        u8 data[] = "hello";
main.c: 1 warning, 0 errors
linking...
Program Size: Code=4564 RO-data=368 RW-data=28 ZI-data=1788  
FromELF: creating hex file...
"..\Object\WiegandTest.axf" - 0 Error(s), 1 Warning(s).

<h2>Collection of Component include folders:</h2>
  E:\Core\Stm32\project\WiegandTest\User\RTE
  C:\Software\Keil_v5\pack\Keil\STM32F1xx_DFP\1.0.5\Device\Include

<h2>Collection of Component Files used:</h2>
</pre>
</body>
</html>
