<html>
<body>
<pre>
<h1>µVision Build Log</h1>
<h2>Tool Versions:</h2>
IDE-Version: ¦ÌVision V5.14.0.0
Copyright (C) 2015 ARM Ltd and ARM Germany GmbH. All rights reserved.
License Information: hua hua, hua, LIC=KIVAR-KQP6U-MQ10F-6W0QL-FE8B5-E6HT4
 
Tool Versions:
Toolchain:       MDK-ARM Professional  Version: 5.14.0.0
Toolchain Path:  C:\Software\Keil_v5\MDK\ARM\ARMCC\Bin
C Compiler:      Armcc.exe V5.05 update 1 (build 106)
Assembler:       Armasm.exe V5.05 update 1 (build 106)
Linker/Locator:  ArmLink.exe V5.05 update 1 (build 106)
Library Manager: ArmAr.exe V5.05 update 1 (build 106)
Hex Converter:   FromElf.exe V5.05 update 1 (build 106)
CPU DLL:         SARMCM3.DLL V5.14.0.0
Dialog DLL:      DCM.DLL V1.13.1.0
Target DLL:      STLink\ST-LINKIII-KEIL_SWO.dll V2.0.14.0_KEIL
Dialog DLL:      TCM.DLL V1.14.4.0
 
<h2>Project:</h2>
E:\Core\Stm32\project\WiegandTest\User\WiegandTest.uvprojx
Project File Date:  02/16/2017

<h2>Output:</h2>
Rebuild target 'WiegandTest'
compiling core_cm3.c...
assembling startup_stm32f10x_cl.s...
compiling misc.c...
compiling stm32f10x_adc.c...
compiling stm32f10x_bkp.c...
compiling stm32f10x_can.c...
compiling stm32f10x_cec.c...
compiling stm32f10x_crc.c...
compiling stm32f10x_dac.c...
compiling stm32f10x_dbgmcu.c...
compiling stm32f10x_dma.c...
compiling stm32f10x_exti.c...
compiling stm32f10x_flash.c...
compiling stm32f10x_fsmc.c...
compiling stm32f10x_gpio.c...
compiling stm32f10x_i2c.c...
compiling stm32f10x_iwdg.c...
compiling stm32f10x_pwr.c...
compiling stm32f10x_rcc.c...
compiling stm32f10x_rtc.c...
compiling stm32f10x_sdio.c...
compiling stm32f10x_spi.c...
compiling stm32f10x_tim.c...
compiling stm32f10x_usart.c...
compiling stm32f10x_wwdg.c...
compiling stm32f10x_it.c...
compiling system_stm32f10x.c...
compiling main.c...
main.c(13): warning:  #177-D: variable "data" was declared but never referenced
        u8 data[] = "hello";
main.c: 1 warning, 0 errors
compiling sqlist.c...
compiling led.c...
compiling delay.c...
compiling Uart.c...
compiling UartCom2.c...
drivers\usart\UartCom2.c(171): warning:  #550-D: variable "tmp" was set but never used
        u8 tmp = 0;
drivers\usart\UartCom2.c: 1 warning, 0 errors
compiling TotalTimer.c...
compiling Timer3.c...
compiling Exti.c...
compiling wiegand.c...
compiling UnpackWiegand.c...
linking...
Program Size: Code=12312 RO-data=884 RW-data=28 ZI-data=1796  
FromELF: creating hex file...
"..\Object\WiegandTest.axf" - 0 Error(s), 2 Warning(s).

<h2>Collection of Component include folders:</h2>
  E:\Core\Stm32\project\WiegandTest\User\RTE
  C:\Software\Keil_v5\pack\Keil\STM32F1xx_DFP\1.0.5\Device\Include

<h2>Collection of Component Files used:</h2>
</pre>
</body>
</html>
